Component: ARM Compiler 5.05 update 1 (build 106) Tool: armlink [4d0efa]

==============================================================================

Section Cross References

    main.o(i.ADS8866_Init) refers to stm32f4xx_rcc.o(i.RCC_AHB1PeriphClockCmd) for RCC_AHB1PeriphClockCmd
    main.o(i.ADS8866_Init) refers to stm32f4xx_gpio.o(i.GPIO_Init) for GPIO_Init
    main.o(i.ADS8866_Init) refers to spi.o(i.SPI3_Init) for SPI3_Init
    main.o(i.ADS8866_SampleVoltage) refers to main.o(i.ADS8866_readreg) for ADS8866_readreg
    main.o(i.ADS8866_SampleVoltage) refers to dflt_clz.o(x$fpl$dfltu) for __aeabi_ui2d
    main.o(i.ADS8866_SampleVoltage) refers to ddiv.o(x$fpl$ddiv) for __aeabi_ddiv
    main.o(i.ADS8866_SampleVoltage) refers to dmul.o(x$fpl$dmul) for __aeabi_dmul
    main.o(i.ADS8866_SampleVoltage) refers to daddsub_clz.o(x$fpl$dsub) for __aeabi_dsub
    main.o(i.ADS8866_readreg) refers to delay.o(i.delay_us) for delay_us
    main.o(i.ADS8866_readreg) refers to spi.o(i.SPI3_ReadWriteByte) for SPI3_ReadWriteByte
    main.o(i.DA8811_Init) refers to stm32f4xx_rcc.o(i.RCC_AHB1PeriphClockCmd) for RCC_AHB1PeriphClockCmd
    main.o(i.DA8811_Init) refers to stm32f4xx_gpio.o(i.GPIO_Init) for GPIO_Init
    main.o(i.DA8811_Init) refers to spi.o(i.SPI3_Init) for SPI3_Init
    main.o(i.DAC8811_SetVoltage) refers to daddsub_clz.o(x$fpl$dadd) for __aeabi_dadd
    main.o(i.DAC8811_SetVoltage) refers to ddiv.o(x$fpl$ddiv) for __aeabi_ddiv
    main.o(i.DAC8811_SetVoltage) refers to d2f.o(x$fpl$d2f) for __aeabi_d2f
    main.o(i.DAC8811_SetVoltage) refers to f2d.o(x$fpl$f2d) for __aeabi_f2d
    main.o(i.DAC8811_SetVoltage) refers to dmul.o(x$fpl$dmul) for __aeabi_dmul
    main.o(i.DAC8811_SetVoltage) refers to dfix.o(x$fpl$dfix) for __aeabi_d2iz
    main.o(i.DAC8811_SetVoltage) refers to main.o(i.DAC8811_writereg) for DAC8811_writereg
    main.o(i.DAC8811_writereg) refers to spi.o(i.SPI3_ReadWriteByte) for SPI3_ReadWriteByte
    main.o(i.TIM3_IRQHandler) refers to stm32f4xx_tim.o(i.TIM_GetITStatus) for TIM_GetITStatus
    main.o(i.TIM3_IRQHandler) refers to stm32f4xx_tim.o(i.TIM_ClearITPendingBit) for TIM_ClearITPendingBit
    main.o(i.TIM3_IRQHandler) refers to main.o(.data) for timer3ItFlag
    main.o(i.funtest) refers to connectfpga.o(i.Fpga_ReadReg) for Fpga_ReadReg
    main.o(i.funtest) refers to dflt_clz.o(x$fpl$dfltu) for __aeabi_ui2d
    main.o(i.funtest) refers to ddiv.o(x$fpl$ddiv) for __aeabi_ddiv
    main.o(i.funtest) refers to dmul.o(x$fpl$dmul) for __aeabi_dmul
    main.o(i.funtest) refers to daddsub_clz.o(x$fpl$dadd) for __aeabi_dadd
    main.o(i.funtest) refers to delay.o(i.delay_us) for delay_us
    main.o(i.funtest) refers to lcdpro.o(i.DebugStatePrint) for DebugStatePrint
    main.o(i.main) refers to misc.o(i.NVIC_PriorityGroupConfig) for NVIC_PriorityGroupConfig
    main.o(i.main) refers to delay.o(i.delay_init) for delay_init
    main.o(i.main) refers to usart.o(i.uart_init) for uart_init
    main.o(i.main) refers to timer.o(i.TIM3_Int_Init) for TIM3_Int_Init
    main.o(i.main) refers to led.o(i.LED_Init) for LED_Init
    main.o(i.main) refers to lcd.o(i.LCD_Init) for LCD_Init
    main.o(i.main) refers to key.o(i.KEY_Init) for KEY_Init
    main.o(i.main) refers to connectfpga.o(i.SPI1_Init) for SPI1_Init
    main.o(i.main) refers to main.o(i.DA8811_Init) for DA8811_Init
    main.o(i.main) refers to rlcmeasure.o(i.rlc_Initial) for rlc_Initial
    main.o(i.main) refers to delay.o(i.delay_ms) for delay_ms
    main.o(i.main) refers to connectfpga.o(i.Fpga_WriteReg) for Fpga_WriteReg
    main.o(i.main) refers to connectfpga.o(i.Fpga_ReadReg) for Fpga_ReadReg
    main.o(i.main) refers to rlcmeasure.o(i.rlc_SetFreq) for rlc_SetFreq
    main.o(i.main) refers to rlcmeasure.o(i.setFDA) for setFDA
    main.o(i.main) refers to rlcmeasure.o(i.setDAC8811) for setDAC8811
    main.o(i.main) refers to ui1.o(i.keyBoard1_Generate) for keyBoard1_Generate
    main.o(i.main) refers to ui1.o(i.keyboard1_Input) for keyboard1_Input
    main.o(i.main) refers to lcdpro.o(i.DebugStatePrint) for DebugStatePrint
    main.o(i.main) refers to rlcmeasure.o(i.rlc_Measure) for rlc_Measure
    main.o(i.main) refers to usmart_config.o(.data) for usmart_dev
    main.o(i.main) refers to touch.o(.data) for tp_dev
    main.o(i.main) refers to lcd.o(.data) for POINT_COLOR
    main.o(i.main) refers to main.o(.data) for timer3ItFlag
    main.o(i.mainweek2) refers to misc.o(i.NVIC_PriorityGroupConfig) for NVIC_PriorityGroupConfig
    main.o(i.mainweek2) refers to delay.o(i.delay_init) for delay_init
    main.o(i.mainweek2) refers to usart.o(i.uart_init) for uart_init
    main.o(i.mainweek2) refers to timer.o(i.TIM3_Int_Init) for TIM3_Int_Init
    main.o(i.mainweek2) refers to led.o(i.LED_Init) for LED_Init
    main.o(i.mainweek2) refers to lcd.o(i.LCD_Init) for LCD_Init
    main.o(i.mainweek2) refers to key.o(i.KEY_Init) for KEY_Init
    main.o(i.mainweek2) refers to connectfpga.o(i.SPI1_Init) for SPI1_Init
[...]
    _printf_percent_end                      0x080002c9   Thumb Code     0  _printf_percent_end.o(.ARM.Collect$$_printf_percent$$00000017)
    __rt_lib_init                            0x080002cd   Thumb Code     0  libinit.o(.ARM.Collect$$libinit$$00000000)
    __rt_lib_init_fp_1                       0x080002cf   Thumb Code     0  libinit2.o(.ARM.Collect$$libinit$$00000001)
    __rt_lib_init_heap_1                     0x080002d3   Thumb Code     0  libinit2.o(.ARM.Collect$$libinit$$0000000A)
    __rt_lib_init_lc_common                  0x080002d3   Thumb Code     0  libinit2.o(.ARM.Collect$$libinit$$0000000F)
    __rt_lib_init_preinit_1                  0x080002d3   Thumb Code     0  libinit2.o(.ARM.Collect$$libinit$$00000004)
    __rt_lib_init_rand_1                     0x080002d3   Thumb Code     0  libinit2.o(.ARM.Collect$$libinit$$0000000E)
    __rt_lib_init_user_alloc_1               0x080002d3   Thumb Code     0  libinit2.o(.ARM.Collect$$libinit$$0000000C)
    __rt_lib_init_lc_collate_1               0x080002d9   Thumb Code     0  libinit2.o(.ARM.Collect$$libinit$$00000011)
    __rt_lib_init_lc_ctype_2                 0x080002d9   Thumb Code     0  libinit2.o(.ARM.Collect$$libinit$$00000012)
    __rt_lib_init_lc_ctype_1                 0x080002e5   Thumb Code     0  libinit2.o(.ARM.Collect$$libinit$$00000013)
    __rt_lib_init_lc_monetary_1              0x080002e5   Thumb Code     0  libinit2.o(.ARM.Collect$$libinit$$00000015)
    __rt_lib_init_lc_numeric_2               0x080002e5   Thumb Code     0  libinit2.o(.ARM.Collect$$libinit$$00000016)
    __rt_lib_init_alloca_1                   0x080002ef   Thumb Code     0  libinit2.o(.ARM.Collect$$libinit$$0000002E)
    __rt_lib_init_argv_1                     0x080002ef   Thumb Code     0  libinit2.o(.ARM.Collect$$libinit$$0000002C)
    __rt_lib_init_atexit_1                   0x080002ef   Thumb Code     0  libinit2.o(.ARM.Collect$$libinit$$0000001B)
    __rt_lib_init_clock_1                    0x080002ef   Thumb Code     0  libinit2.o(.ARM.Collect$$libinit$$00000021)
    __rt_lib_init_cpp_1                      0x080002ef   Thumb Code     0  libinit2.o(.ARM.Collect$$libinit$$00000032)
    __rt_lib_init_exceptions_1               0x080002ef   Thumb Code     0  libinit2.o(.ARM.Collect$$libinit$$00000030)
    __rt_lib_init_fp_trap_1                  0x080002ef   Thumb Code     0  libinit2.o(.ARM.Collect$$libinit$$0000001F)
    __rt_lib_init_getenv_1                   0x080002ef   Thumb Code     0  libinit2.o(.ARM.Collect$$libinit$$00000023)
    __rt_lib_init_lc_numeric_1               0x080002ef   Thumb Code     0  libinit2.o(.ARM.Collect$$libinit$$00000017)
    __rt_lib_init_lc_time_1                  0x080002ef   Thumb Code     0  libinit2.o(.ARM.Collect$$libinit$$00000019)
    __rt_lib_init_return                     0x080002ef   Thumb Code     0  libinit2.o(.ARM.Collect$$libinit$$00000033)
    __rt_lib_init_signal_1                   0x080002ef   Thumb Code     0  libinit2.o(.ARM.Collect$$libinit$$0000001D)
    __rt_lib_init_stdio_1                    0x080002ef   Thumb Code     0  libinit2.o(.ARM.Collect$$libinit$$00000025)
    __rt_lib_shutdown                        0x080002f1   Thumb Code     0  libshutdown.o(.ARM.Collect$$libshutdown$$00000000)
    __rt_lib_shutdown_fp_trap_1              0x080002f3   Thumb Code     0  libshutdown2.o(.ARM.Collect$$libshutdown$$00000006)
    __rt_lib_shutdown_heap_1                 0x080002f3   Thumb Code     0  libshutdown2.o(.ARM.Collect$$libshutdown$$0000000E)
    __rt_lib_shutdown_return                 0x080002f3   Thumb Code     0  libshutdown2.o(.ARM.Collect$$libshutdown$$0000000F)
    __rt_lib_shutdown_signal_1               0x080002f3   Thumb Code     0  libshutdown2.o(.ARM.Collect$$libshutdown$$00000009)
    __rt_lib_shutdown_stdio_1                0x080002f3   Thumb Code     0  libshutdown2.o(.ARM.Collect$$libshutdown$$00000003)
    __rt_lib_shutdown_user_alloc_1           0x080002f3   Thumb Code     0  libshutdown2.o(.ARM.Collect$$libshutdown$$0000000B)
    __rt_entry                               0x080002f5   Thumb Code     0  __rtentry.o(.ARM.Collect$$rtentry$$00000000)
    __rt_entry_presh_1                       0x080002f5   Thumb Code     0  __rtentry2.o(.ARM.Collect$$rtentry$$00000002)
    __rt_entry_sh                            0x080002f5   Thumb Code     0  __rtentry4.o(.ARM.Collect$$rtentry$$00000004)
    __rt_entry_li                            0x080002fb   Thumb Code     0  __rtentry2.o(.ARM.Collect$$rtentry$$0000000A)
    __rt_entry_postsh_1                      0x080002fb   Thumb Code     0  __rtentry2.o(.ARM.Collect$$rtentry$$00000009)
    __rt_entry_main                          0x080002ff   Thumb Code     0  __rtentry2.o(.ARM.Collect$$rtentry$$0000000D)
    __rt_entry_postli_1                      0x080002ff   Thumb Code     0  __rtentry2.o(.ARM.Collect$$rtentry$$0000000C)
    __rt_exit                                0x08000307   Thumb Code     0  rtexit.o(.ARM.Collect$$rtexit$$00000000)
    __rt_exit_ls                             0x08000309   Thumb Code     0  rtexit2.o(.ARM.Collect$$rtexit$$00000003)
    __rt_exit_prels_1                        0x08000309   Thumb Code     0  rtexit2.o(.ARM.Collect$$rtexit$$00000002)
    __rt_exit_exit                           0x0800030d   Thumb Code     0  rtexit2.o(.ARM.Collect$$rtexit$$00000004)
    Reset_Handler                            0x08000315   Thumb Code     8  startup_stm32f40_41xxx.o(.text)
    ADC_IRQHandler                           0x0800032f   Thumb Code     0  startup_stm32f40_41xxx.o(.text)
    CAN1_RX0_IRQHandler                      0x0800032f   Thumb Code     0  startup_stm32f40_41xxx.o(.text)
    CAN1_RX1_IRQHandler                      0x0800032f   Thumb Code     0  startup_stm32f40_41xxx.o(.text)
    CAN1_SCE_IRQHandler                      0x0800032f   Thumb Code     0  startup_stm32f40_41xxx.o(.text)
    CAN1_TX_IRQHandler                       0x0800032f   Thumb Code     0  startup_stm32f40_41xxx.o(.text)
    CAN2_RX0_IRQHandler                      0x0800032f   Thumb Code     0  startup_stm32f40_41xxx.o(.text)
    CAN2_RX1_IRQHandler                      0x0800032f   Thumb Code     0  startup_stm32f40_41xxx.o(.text)
    CAN2_SCE_IRQHandler                      0x0800032f   Thumb Code     0  startup_stm32f40_41xxx.o(.text)
    CAN2_TX_IRQHandler                       0x0800032f   Thumb Code     0  startup_stm32f40_41xxx.o(.text)
    CRYP_IRQHandler                          0x0800032f   Thumb Code     0  startup_stm32f40_41xxx.o(.text)
    DCMI_IRQHandler                          0x0800032f   Thumb Code     0  startup_stm32f40_41xxx.o(.text)
    DMA1_Stream0_IRQHandler                  0x0800032f   Thumb Code     0  startup_stm32f40_41xxx.o(.text)
    DMA1_Stream1_IRQHandler                  0x0800032f   Thumb Code     0  startup_stm32f40_41xxx.o(.text)
    DMA1_Stream2_IRQHandler                  0x0800032f   Thumb Code     0  startup_stm32f40_41xxx.o(.text)
    DMA1_Stream3_IRQHandler                  0x0800032f   Thumb Code     0  startup_stm32f40_41xxx.o(.text)
    DMA1_Stream4_IRQHandler                  0x0800032f   Thumb Code     0  startup_stm32f40_41xxx.o(.text)
    DMA1_Stream5_IRQHandler                  0x0800032f   Thumb Code     0  startup_stm32f40_41xxx.o(.text)
    DMA1_Stream6_IRQHandler                  0x0800032f   Thumb Code     0  startup_stm32f40_41xxx.o(.text)
    DMA1_Stream7_IRQHandler                  0x0800032f   Thumb Code     0  startup_stm32f40_41xxx.o(.text)
    DMA2_Stream0_IRQHandler                  0x0800032f   Thumb Code     0  startup_stm32f40_41xxx.o(.text)
    DMA2_Stream1_IRQHandler                  0x0800032f   Thumb Code     0  startup_stm32f40_41xxx.o(.text)
    DMA2_Stream2_IRQHandler                  0x0800032f   Thumb Code     0  startup_stm32f40_41xxx.o(.text)
    DMA2_Stream3_IRQHandler                  0x0800032f   Thumb Code     0  startup_stm32f40_41xxx.o(.text)
    DMA2_Stream4_IRQHandler                  0x0800032f   Thumb Code     0  startup_stm32f40_41xxx.o(.text)
    DMA2_Stream5_IRQHandler                  0x0800032f   Thumb Code     0  startup_stm32f40_41xxx.o(.text)
    DMA2_Stream6_IRQHandler                  0x0800032f   Thumb Code     0  startup_stm32f40_41xxx.o(.text)
    DMA2_Stream7_IRQHandler                  0x0800032f   Thumb Code     0  startup_stm32f40_41xxx.o(.text)
    ETH_IRQHandler                           0x0800032f   Thumb Code     0  startup_stm32f40_41xxx.o(.text)
    ETH_WKUP_IRQHandler                      0x0800032f   Thumb Code     0  startup_stm32f40_41xxx.o(.text)
    EXTI0_IRQHandler                         0x0800032f   Thumb Code     0  startup_stm32f40_41xxx.o(.text)
    EXTI15_10_IRQHandler                     0x0800032f   Thumb Code     0  startup_stm32f40_41xxx.o(.text)
    EXTI1_IRQHandler                         0x0800032f   Thumb Code     0  startup_stm32f40_41xxx.o(.text)
    EXTI2_IRQHandler                         0x0800032f   Thumb Code     0  startup_stm32f40_41xxx.o(.text)
    EXTI3_IRQHandler                         0x0800032f   Thumb Code     0  startup_stm32f40_41xxx.o(.text)
    EXTI4_IRQHandler                         0x0800032f   Thumb Code     0  startup_stm32f40_41xxx.o(.text)
    EXTI9_5_IRQHandler                       0x0800032f   Thumb Code     0  startup_stm32f40_41xxx.o(.text)
    FLASH_IRQHandler                         0x0800032f   Thumb Code     0  startup_stm32f40_41xxx.o(.text)
    FPU_IRQHandler                           0x0800032f   Thumb Code     0  startup_stm32f40_41xxx.o(.text)
    FSMC_IRQHandler                          0x0800032f   Thumb Code     0  startup_stm32f40_41xxx.o(.text)
    HASH_RNG_IRQHandler                      0x0800032f   Thumb Code     0  startup_stm32f40_41xxx.o(.text)
    I2C1_ER_IRQHandler                       0x0800032f   Thumb Code     0  startup_stm32f40_41xxx.o(.text)
    I2C1_EV_IRQHandler                       0x0800032f   Thumb Code     0  startup_stm32f40_41xxx.o(.text)
    I2C2_ER_IRQHandler                       0x0800032f   Thumb Code     0  startup_stm32f40_41xxx.o(.text)
    I2C2_EV_IRQHandler                       0x0800032f   Thumb Code     0  startup_stm32f40_41xxx.o(.text)
    I2C3_ER_IRQHandler                       0x0800032f   Thumb Code     0  startup_stm32f40_41xxx.o(.text)
    I2C3_EV_IRQHandler                       0x0800032f   Thumb Code     0  startup_stm32f40_41xxx.o(.text)
    OTG_FS_IRQHandler                        0x0800032f   Thumb Code     0  startup_stm32f40_41xxx.o(.text)
    OTG_FS_WKUP_IRQHandler                   0x0800032f   Thumb Code     0  startup_stm32f40_41xxx.o(.text)
    OTG_HS_EP1_IN_IRQHandler                 0x0800032f   Thumb Code     0  startup_stm32f40_41xxx.o(.text)
    OTG_HS_EP1_OUT_IRQHandler                0x0800032f   Thumb Code     0  startup_stm32f40_41xxx.o(.text)
    OTG_HS_IRQHandler                        0x0800032f   Thumb Code     0  startup_stm32f40_41xxx.o(.text)
    OTG_HS_WKUP_IRQHandler                   0x0800032f   Thumb Code     0  startup_stm32f40_41xxx.o(.text)
    PVD_IRQHandler                           0x0800032f   Thumb Code     0  startup_stm32f40_41xxx.o(.text)
    RCC_IRQHandler                           0x0800032f   Thumb Code     0  startup_stm32f40_41xxx.o(.text)
    RTC_Alarm_IRQHandler                     0x0800032f   Thumb Code     0  startup_stm32f40_41xxx.o(.text)
    RTC_WKUP_IRQHandler                      0x0800032f   Thumb Code     0  startup_stm32f40_41xxx.o(.text)
    SDIO_IRQHandler                          0x0800032f   Thumb Code     0  startup_stm32f40_41xxx.o(.text)
    SPI1_IRQHandler                          0x0800032f   Thumb Code     0  startup_stm32f40_41xxx.o(.text)
    SPI2_IRQHandler                          0x0800032f   Thumb Code     0  startup_stm32f40_41xxx.o(.text)
    SPI3_IRQHandler                          0x0800032f   Thumb Code     0  startup_stm32f40_41xxx.o(.text)
    TAMP_STAMP_IRQHandler                    0x0800032f   Thumb Code     0  startup_stm32f40_41xxx.o(.text)
    TIM1_BRK_TIM9_IRQHandler                 0x0800032f   Thumb Code     0  startup_stm32f40_41xxx.o(.text)
    TIM1_CC_IRQHandler                       0x0800032f   Thumb Code     0  startup_stm32f40_41xxx.o(.text)
    TIM1_TRG_COM_TIM11_IRQHandler            0x0800032f   Thumb Code     0  startup_stm32f40_41xxx.o(.text)
    TIM1_UP_TIM10_IRQHandler                 0x0800032f   Thumb Code     0  startup_stm32f40_41xxx.o(.text)
    TIM2_IRQHandler                          0x0800032f   Thumb Code     0  startup_stm32f40_41xxx.o(.text)
    TIM5_IRQHandler                          0x0800032f   Thumb Code     0  startup_stm32f40_41xxx.o(.text)
    TIM6_DAC_IRQHandler                      0x0800032f   Thumb Code     0  startup_stm32f40_41xxx.o(.text)
    TIM7_IRQHandler                          0x0800032f   Thumb Code     0  startup_stm32f40_41xxx.o(.text)
    TIM8_BRK_TIM12_IRQHandler                0x0800032f   Thumb Code     0  startup_stm32f40_41xxx.o(.text)
    TIM8_CC_IRQHandler                       0x0800032f   Thumb Code     0  startup_stm32f40_41xxx.o(.text)
    TIM8_TRG_COM_TIM14_IRQHandler            0x0800032f   Thumb Code     0  startup_stm32f40_41xxx.o(.text)
    TIM8_UP_TIM13_IRQHandler                 0x0800032f   Thumb Code     0  startup_stm32f40_41xxx.o(.text)
    UART4_IRQHandler                         0x0800032f   Thumb Code     0  startup_stm32f40_41xxx.o(.text)
    UART5_IRQHandler                         0x0800032f   Thumb Code     0  startup_stm32f40_41xxx.o(.text)
    USART2_IRQHandler                        0x0800032f   Thumb Code     0  startup_stm32f40_41xxx.o(.text)
    USART3_IRQHandler                        0x0800032f   Thumb Code     0  startup_stm32f40_41xxx.o(.text)
    USART6_IRQHandler                        0x0800032f   Thumb Code     0  startup_stm32f40_41xxx.o(.text)
    WWDG_IRQHandler                          0x0800032f   Thumb Code     0  startup_stm32f40_41xxx.o(.text)
    __user_initial_stackheap                 0x08000331   Thumb Code     0  startup_stm32f40_41xxx.o(.text)
    __use_no_semihosting                     0x08000355   Thumb Code     2  use_no_semi_2.o(.text)
    __c89vsprintf                            0x08000359   Thumb Code    32  c89vsprintf.o(.text)
    __2printf                                0x0800037d   Thumb Code    20  __2printf.o(.text)
    _printf_pre_padding                      0x08000395   Thumb Code    44  _printf_pad.o(.text)
    _printf_post_padding                     0x080003c1   Thumb Code    34  _printf_pad.o(.text)
    _printf_str                              0x080003e3   Thumb Code    82  _printf_str.o(.text)
    _printf_int_dec                          0x08000435   Thumb Code   104  _printf_dec.o(.text)
    _printf_longlong_hex                     0x080004ad   Thumb Code    86  _printf_hex_int_ll_ptr.o(.text)
    _printf_int_hex                          0x08000503   Thumb Code    28  _printf_hex_int_ll_ptr.o(.text)
    _printf_ll_hex                           0x0800051f   Thumb Code    12  _printf_hex_int_ll_ptr.o(.text)
    _printf_hex_ptr                          0x0800052b   Thumb Code    18  _printf_hex_int_ll_ptr.o(.text)
    __printf                                 0x08000541   Thumb Code   388  __printf_flags_ss_wp.o(.text)
    strcpy                                   0x080006c9   Thumb Code    72  strcpy.o(.text)
    strcmp                                   0x08000711   Thumb Code   128  strcmpv7m.o(.text)
    __use_two_region_memory                  0x08000791   Thumb Code     2  heapauxi.o(.text)
    __rt_heap_escrow$2region                 0x08000793   Thumb Code     2  heapauxi.o(.text)
    __rt_heap_expand$2region                 0x08000795   Thumb Code     2  heapauxi.o(.text)
    __I$use$semihosting                      0x08000797   Thumb Code     0  use_no_semi.o(.text)
    __use_no_semihosting_swi                 0x08000797   Thumb Code     2  use_no_semi.o(.text)
    __read_errno                             0x08000799   Thumb Code    10  _rserrno.o(.text)
    __set_errno                              0x080007a3   Thumb Code    12  _rserrno.o(.text)
    _printf_truncate_signed                  0x080007af   Thumb Code    18  _printf_truncate.o(.text)
    _printf_truncate_unsigned                0x080007c1   Thumb Code    18  _printf_truncate.o(.text)
    _printf_int_common                       0x080007d3   Thumb Code   178  _printf_intcommon.o(.text)
    _printf_charcount                        0x08000885   Thumb Code    40  _printf_charcount.o(.text)
    _printf_char_common                      0x080008b7   Thumb Code    32  _printf_char_common.o(.text)
    _sputc                                   0x080008dd   Thumb Code    10  _sputc.o(.text)
    _printf_cs_common                        0x080008e7   Thumb Code    20  _printf_char.o(.text)
    _printf_char                             0x080008fb   Thumb Code    16  _printf_char.o(.text)
    _printf_string                           0x0800090b   Thumb Code     8  _printf_char.o(.text)
    _printf_char_file                        0x08000915   Thumb Code    32  _printf_char_file.o(.text)
    _printf_wctomb                           0x08000939   Thumb Code   182  _printf_wctomb.o(.text)
    _printf_longlong_dec                     0x080009f5   Thumb Code   108  _printf_longlong_dec.o(.text)
    _printf_longlong_oct                     0x08000a71   Thumb Code    68  _printf_oct_int_ll.o(.text)
    _printf_int_oct                          0x08000ab5   Thumb Code    24  _printf_oct_int_ll.o(.text)
    _printf_ll_oct                           0x08000acd   Thumb Code    12  _printf_oct_int_ll.o(.text)
    __aeabi_errno_addr                       0x08000ae1   Thumb Code     8  rt_errno_addr_intlibspace.o(.text)
    __errno$intlibspace                      0x08000ae1   Thumb Code     0  rt_errno_addr_intlibspace.o(.text)
    __rt_errno_addr$intlibspace              0x08000ae1   Thumb Code     0  rt_errno_addr_intlibspace.o(.text)
    _ll_udiv10                               0x08000ae9   Thumb Code   138  lludiv10.o(.text)
    __lib_sel_fp_printf                      0x08000b73   Thumb Code     2  _printf_fp_dec.o(.text)
    _printf_fp_dec_real                      0x08000d21   Thumb Code   620  _printf_fp_dec.o(.text)
    _printf_lcs_common                       0x08000f8d   Thumb Code    20  _printf_wchar.o(.text)
    _printf_wchar                            0x08000fa1   Thumb Code    16  _printf_wchar.o(.text)
    _printf_wstring                          0x08000fb1   Thumb Code     8  _printf_wchar.o(.text)
    ferror                                   0x08000fb9   Thumb Code     8  ferror.o(.text)
    _wcrtomb                                 0x08000fc1   Thumb Code    64  _wcrtomb.o(.text)
    __user_libspace                          0x08001001   Thumb Code     8  libspace.o(.text)
    __user_perproc_libspace                  0x08001001   Thumb Code     0  libspace.o(.text)
    __user_perthread_libspace                0x08001001   Thumb Code     0  libspace.o(.text)
    __user_setup_stackheap                   0x08001009   Thumb Code    74  sys_stackheap_outer.o(.text)
    __rt_ctype_table                         0x08001055   Thumb Code    16  rt_ctype_table.o(.text)
    __rt_locale                              0x08001065   Thumb Code     8  rt_locale_intlibspace.o(.text)
    _printf_fp_infnan                        0x0800106d   Thumb Code   112  _printf_fp_infnan.o(.text)
    _btod_etento                             0x080010ed   Thumb Code   216  bigflt0.o(.text)
    exit                                     0x080011c9   Thumb Code    12  exit.o(.text)
    _btod_d2e                                0x080011d5   Thumb Code    62  btod.o(CL$$btod_d2e)
    _d2e_denorm_low                          0x08001213   Thumb Code    70  btod.o(CL$$btod_d2e_denorm_low)
    _d2e_norm_op1                            0x08001259   Thumb Code    96  btod.o(CL$$btod_d2e_norm_op1)
    __btod_div_common                        0x080012b9   Thumb Code   696  btod.o(CL$$btod_div_common)
    _e2e                                     0x080015f1   Thumb Code   198  btod.o(CL$$btod_e2e)
    _btod_ediv                               0x080016b7   Thumb Code    40  btod.o(CL$$btod_ediv)
    _btod_emul                               0x080016df   Thumb Code    40  btod.o(CL$$btod_emul)
    __btod_mult_common                       0x08001707   Thumb Code   580  btod.o(CL$$btod_mult_common)
    AT24CXX_Init                             0x0800194b   Thumb Code     8  24cxx.o(i.AT24CXX_Init)
    AT24CXX_ReadLenByte                      0x08001953   Thumb Code    44  24cxx.o(i.AT24CXX_ReadLenByte)
    AT24CXX_ReadOneByte                      0x0800197f   Thumb Code    88  24cxx.o(i.AT24CXX_ReadOneByte)
    AT24CXX_WriteLenByte                     0x080019d7   Thumb Code    42  24cxx.o(i.AT24CXX_WriteLenByte)
    AT24CXX_WriteOneByte                     0x08001a01   Thumb Code    80  24cxx.o(i.AT24CXX_WriteOneByte)
    BusFault_Handler                         0x08001a51   Thumb Code     4  stm32f4xx_it.o(i.BusFault_Handler)
    CT_Delay                                 0x08001a55   Thumb Code    10  ctiic.o(i.CT_Delay)
    CT_IIC_Ack                               0x08001a61   Thumb Code    66  ctiic.o(i.CT_IIC_Ack)
    CT_IIC_Init                              0x08001ab5   Thumb Code    60  ctiic.o(i.CT_IIC_Init)
    CT_IIC_NAck                              0x08001af9   Thumb Code    66  ctiic.o(i.CT_IIC_NAck)
    CT_IIC_Read_Byte                         0x08001b4d   Thumb Code    90  ctiic.o(i.CT_IIC_Read_Byte)
    CT_IIC_Send_Byte                         0x08001bb9   Thumb Code    82  ctiic.o(i.CT_IIC_Send_Byte)
    CT_IIC_Start                             0x08001c1d   Thumb Code    62  ctiic.o(i.CT_IIC_Start)
    CT_IIC_Stop                              0x08001c69   Thumb Code    56  ctiic.o(i.CT_IIC_Stop)
    CT_IIC_Wait_Ack                          0x08001cb1   Thumb Code    78  ctiic.o(i.CT_IIC_Wait_Ack)
    DA8811_Init                              0x08001d11   Thumb Code    62  main.o(i.DA8811_Init)
    DebugMon_Handler                         0x08001d59   Thumb Code     2  stm32f4xx_it.o(i.DebugMon_Handler)
    DebugPrintf                              0x08001d5d   Thumb Code    34  lcdpro.o(i.DebugPrintf)
    DebugStatePrint                          0x08001d85   Thumb Code    92  lcdpro.o(i.DebugStatePrint)
    FSMC_NORSRAMCmd                          0x08001de9   Thumb Code    46  stm32f4xx_fsmc.o(i.FSMC_NORSRAMCmd)
    FSMC_NORSRAMInit                         0x08001e1d   Thumb Code   230  stm32f4xx_fsmc.o(i.FSMC_NORSRAMInit)
    FT5206_Init                              0x08001f05   Thumb Code   202  ft5206.o(i.FT5206_Init)
    FT5206_RD_Reg                            0x08001fed   Thumb Code    88  ft5206.o(i.FT5206_RD_Reg)
    FT5206_Scan                              0x08002045   Thumb Code   400  ft5206.o(i.FT5206_Scan)
    FT5206_WR_Reg                            0x080021e1   Thumb Code    82  ft5206.o(i.FT5206_WR_Reg)
    Fpga_ReadReg                             0x08002235   Thumb Code    86  connectfpga.o(i.Fpga_ReadReg)
    Fpga_WriteReg                            0x08002295   Thumb Code    88  connectfpga.o(i.Fpga_WriteReg)
    GPIO_Init                                0x080022f5   Thumb Code   144  stm32f4xx_gpio.o(i.GPIO_Init)
    GPIO_PinAFConfig                         0x08002385   Thumb Code    70  stm32f4xx_gpio.o(i.GPIO_PinAFConfig)
    GPIO_SetBits                             0x080023cb   Thumb Code     4  stm32f4xx_gpio.o(i.GPIO_SetBits)
    GT9147_Init                              0x080023d1   Thumb Code   248  gt9147.o(i.GT9147_Init)
    GT9147_RD_Reg                            0x08002501   Thumb Code    98  gt9147.o(i.GT9147_RD_Reg)
    GT9147_Scan                              0x08002565   Thumb Code   494  gt9147.o(i.GT9147_Scan)
    GT9147_Send_Cfg                          0x08002765   Thumb Code    86  gt9147.o(i.GT9147_Send_Cfg)
    GT9147_WR_Reg                            0x080027c1   Thumb Code    92  gt9147.o(i.GT9147_WR_Reg)
    HardFault_Handler                        0x0800281d   Thumb Code     4  stm32f4xx_it.o(i.HardFault_Handler)
    IIC_Ack                                  0x08002821   Thumb Code    66  myiic.o(i.IIC_Ack)
    IIC_Init                                 0x08002871   Thumb Code    62  myiic.o(i.IIC_Init)
    IIC_NAck                                 0x080028bd   Thumb Code    66  myiic.o(i.IIC_NAck)
    IIC_Read_Byte                            0x0800290d   Thumb Code    94  myiic.o(i.IIC_Read_Byte)
    IIC_Send_Byte                            0x08002979   Thumb Code    90  myiic.o(i.IIC_Send_Byte)
    IIC_Start                                0x080029e1   Thumb Code    64  myiic.o(i.IIC_Start)
    IIC_Stop                                 0x08002a2d   Thumb Code    62  myiic.o(i.IIC_Stop)
    IIC_Wait_Ack                             0x08002a79   Thumb Code    82  myiic.o(i.IIC_Wait_Ack)
    KEY_Init                                 0x08002ad9   Thumb Code    60  key.o(i.KEY_Init)
    LCD_Clear                                0x08002b1d   Thumb Code   100  lcd.o(i.LCD_Clear)
    LCD_Debug_ShowString                     0x08002b89   Thumb Code   190  lcdpro.o(i.LCD_Debug_ShowString)
    LCD_Display_Dir                          0x08002c51   Thumb Code   444  lcd.o(i.LCD_Display_Dir)
    LCD_DrawLine                             0x08002e11   Thumb Code   176  lcd.o(i.LCD_DrawLine)
    LCD_DrawPoint                            0x08002ec1   Thumb Code    28  lcd.o(i.LCD_DrawPoint)
    LCD_DrawRectangle                        0x08002ee5   Thumb Code    60  lcd.o(i.LCD_DrawRectangle)
    LCD_Draw_Circle                          0x08002f21   Thumb Code   152  lcd.o(i.LCD_Draw_Circle)
    LCD_Fast_DrawPoint                       0x08002fb9   Thumb Code   374  lcd.o(i.LCD_Fast_DrawPoint)
    LCD_Fill                                 0x08003139   Thumb Code   180  lcd.o(i.LCD_Fill)
    LCD_Init                                 0x080031f1   Thumb Code 14696  lcd.o(i.LCD_Init)
    LCD_Pow                                  0x08006b61   Thumb Code    22  lcd.o(i.LCD_Pow)
    LCD_RD_DATA                              0x08006b79   Thumb Code    14  lcd.o(i.LCD_RD_DATA)
    LCD_ReadReg                              0x08006b8d   Thumb Code    22  lcd.o(i.LCD_ReadReg)
    LCD_SSD_BackLightSet                     0x08006ba5   Thumb Code    88  lcd.o(i.LCD_SSD_BackLightSet)
    LCD_Scan_Dir                             0x08006c05   Thumb Code   744  lcd.o(i.LCD_Scan_Dir)
    LCD_SetCursor                            0x08006ef1   Thumb Code   418  lcd.o(i.LCD_SetCursor)
    LCD_ShowChar                             0x08007099   Thumb Code   272  lcd.o(i.LCD_ShowChar)
    LCD_ShowNum                              0x080071c1   Thumb Code   148  lcd.o(i.LCD_ShowNum)
    LCD_ShowString                           0x08007255   Thumb Code   102  lcd.o(i.LCD_ShowString)
    LCD_ShowxNum                             0x080072bb   Thumb Code   190  lcd.o(i.LCD_ShowxNum)
    LCD_WR_DATA                              0x08007379   Thumb Code    18  lcd.o(i.LCD_WR_DATA)
    LCD_WR_REG                               0x08007391   Thumb Code    18  lcd.o(i.LCD_WR_REG)
    LCD_WriteRAM_Prepare                     0x080073a9   Thumb Code    10  lcd.o(i.LCD_WriteRAM_Prepare)
    LCD_WriteReg                             0x080073bd   Thumb Code    14  lcd.o(i.LCD_WriteReg)
    LED_Init                                 0x080073d1   Thumb Code    60  led.o(i.LED_Init)
    MemManage_Handler                        0x08007411   Thumb Code     4  stm32f4xx_it.o(i.MemManage_Handler)
    NMI_Handler                              0x08007415   Thumb Code     2  stm32f4xx_it.o(i.NMI_Handler)
    NVIC_Init                                0x08007419   Thumb Code   106  misc.o(i.NVIC_Init)
    NVIC_PriorityGroupConfig                 0x08007491   Thumb Code    10  misc.o(i.NVIC_PriorityGroupConfig)
    OTT2001A_Init                            0x080074a5   Thumb Code   142  ott2001a.o(i.OTT2001A_Init)
    OTT2001A_RD_Reg                          0x08007551   Thumb Code    98  ott2001a.o(i.OTT2001A_RD_Reg)
    OTT2001A_Scan                            0x080075b5   Thumb Code   478  ott2001a.o(i.OTT2001A_Scan)
    OTT2001A_SensorControl                   0x080077b9   Thumb Code    28  ott2001a.o(i.OTT2001A_SensorControl)
    OTT2001A_WR_Reg                          0x080077d5   Thumb Code    92  ott2001a.o(i.OTT2001A_WR_Reg)
    PendSV_Handler                           0x08007831   Thumb Code     2  stm32f4xx_it.o(i.PendSV_Handler)
    RCC_AHB1PeriphClockCmd                   0x08007835   Thumb Code    26  stm32f4xx_rcc.o(i.RCC_AHB1PeriphClockCmd)
    RCC_AHB3PeriphClockCmd                   0x08007855   Thumb Code    26  stm32f4xx_rcc.o(i.RCC_AHB3PeriphClockCmd)
    RCC_APB1PeriphClockCmd                   0x08007875   Thumb Code    26  stm32f4xx_rcc.o(i.RCC_APB1PeriphClockCmd)
    RCC_APB1PeriphResetCmd                   0x08007895   Thumb Code    26  stm32f4xx_rcc.o(i.RCC_APB1PeriphResetCmd)
    RCC_APB2PeriphClockCmd                   0x080078b5   Thumb Code    26  stm32f4xx_rcc.o(i.RCC_APB2PeriphClockCmd)
    RCC_APB2PeriphResetCmd                   0x080078d5   Thumb Code    26  stm32f4xx_rcc.o(i.RCC_APB2PeriphResetCmd)
    RCC_GetClocksFreq                        0x080078f5   Thumb Code   214  stm32f4xx_rcc.o(i.RCC_GetClocksFreq)
    SPI1_Init                                0x080079dd   Thumb Code   262  connectfpga.o(i.SPI1_Init)
    SPI1_ReadWriteByte                       0x08007af5   Thumb Code    48  connectfpga.o(i.SPI1_ReadWriteByte)
    SPI3_Init                                0x08007b29   Thumb Code   184  spi.o(i.SPI3_Init)
    SPI_Cmd                                  0x08007be9   Thumb Code    24  stm32f4xx_spi.o(i.SPI_Cmd)
    SPI_I2S_GetFlagStatus                    0x08007c01   Thumb Code    18  stm32f4xx_spi.o(i.SPI_I2S_GetFlagStatus)
    SPI_I2S_ReceiveData                      0x08007c13   Thumb Code     6  stm32f4xx_spi.o(i.SPI_I2S_ReceiveData)
    SPI_I2S_SendData                         0x08007c19   Thumb Code     4  stm32f4xx_spi.o(i.SPI_I2S_SendData)
    SPI_Init                                 0x08007c1d   Thumb Code    60  stm32f4xx_spi.o(i.SPI_Init)
    SVC_Handler                              0x08007c59   Thumb Code     2  stm32f4xx_it.o(i.SVC_Handler)
    SysTick_CLKSourceConfig                  0x08007d49   Thumb Code    40  misc.o(i.SysTick_CLKSourceConfig)
    SysTick_Handler                          0x08007d71   Thumb Code     2  stm32f4xx_it.o(i.SysTick_Handler)
    SystemInit                               0x08007d75   Thumb Code    88  system_stm32f4xx.o(i.SystemInit)
    TIM3_IRQHandler                          0x08007ddd   Thumb Code    44  main.o(i.TIM3_IRQHandler)
    TIM3_Int_Init                            0x08007e15   Thumb Code    88  timer.o(i.TIM3_Int_Init)
    TIM4_IRQHandler                          0x08007e71   Thumb Code    46  usmart.o(i.TIM4_IRQHandler)
    TIM_ClearFlag                            0x08007ea9   Thumb Code     6  stm32f4xx_tim.o(i.TIM_ClearFlag)
    TIM_ClearITPendingBit                    0x08007eaf   Thumb Code     6  stm32f4xx_tim.o(i.TIM_ClearITPendingBit)
    TIM_Cmd                                  0x08007eb5   Thumb Code    24  stm32f4xx_tim.o(i.TIM_Cmd)
    TIM_GetCounter                           0x08007ecd   Thumb Code     6  stm32f4xx_tim.o(i.TIM_GetCounter)
    TIM_GetFlagStatus                        0x08007ed3   Thumb Code    18  stm32f4xx_tim.o(i.TIM_GetFlagStatus)
    TIM_GetITStatus                          0x08007ee5   Thumb Code    34  stm32f4xx_tim.o(i.TIM_GetITStatus)
    TIM_ITConfig                             0x08007f07   Thumb Code    18  stm32f4xx_tim.o(i.TIM_ITConfig)
    TIM_SetAutoreload                        0x08007f19   Thumb Code     4  stm32f4xx_tim.o(i.TIM_SetAutoreload)
    TIM_SetCounter                           0x08007f1d   Thumb Code     4  stm32f4xx_tim.o(i.TIM_SetCounter)
    TIM_TimeBaseInit                         0x08007f21   Thumb Code   104  stm32f4xx_tim.o(i.TIM_TimeBaseInit)
    TP_Adj_Info_Show                         0x08007fa5   Thumb Code   374  touch.o(i.TP_Adj_Info_Show)
    TP_Adjust                                0x0800814d   Thumb Code  2304  touch.o(i.TP_Adjust)
    TP_Drow_Touch_Point                      0x08008a4d   Thumb Code   108  touch.o(i.TP_Drow_Touch_Point)
    TP_Get_Adjdata                           0x08008abd   Thumb Code   160  touch.o(i.TP_Get_Adjdata)
    TP_Init                                  0x08008b6d   Thumb Code   290  touch.o(i.TP_Init)
    TP_Read_AD                               0x08008cb1   Thumb Code   132  touch.o(i.TP_Read_AD)
    TP_Read_XOY                              0x08008d45   Thumb Code   120  touch.o(i.TP_Read_XOY)
    TP_Read_XY                               0x08008dbd   Thumb Code    38  touch.o(i.TP_Read_XY)
    TP_Read_XY2                              0x08008ded   Thumb Code   192  touch.o(i.TP_Read_XY2)
    TP_Save_Adjdata                          0x08008ead   Thumb Code   118  touch.o(i.TP_Save_Adjdata)
    TP_Scan                                  0x08008f2d   Thumb Code   242  touch.o(i.TP_Scan)
    TP_Write_Byte                            0x08009029   Thumb Code    64  touch.o(i.TP_Write_Byte)
    Timer4_Init                              0x08009075   Thumb Code    86  usmart.o(i.Timer4_Init)
    USART1_IRQHandler                        0x080090d1   Thumb Code   122  usart.o(i.USART1_IRQHandler)
    USART_Cmd                                0x08009159   Thumb Code    24  stm32f4xx_usart.o(i.USART_Cmd)
    USART_GetITStatus                        0x08009171   Thumb Code    84  stm32f4xx_usart.o(i.USART_GetITStatus)
    USART_ITConfig                           0x080091c5   Thumb Code    74  stm32f4xx_usart.o(i.USART_ITConfig)
    USART_Init                               0x08009211   Thumb Code   204  stm32f4xx_usart.o(i.USART_Init)
    USART_ReceiveData                        0x080092e5   Thumb Code    10  stm32f4xx_usart.o(i.USART_ReceiveData)
    UsageFault_Handler                       0x080092ef   Thumb Code     4  stm32f4xx_it.o(i.UsageFault_Handler)
    __ARM_fpclassify                         0x080092f3   Thumb Code    48  fpclassify.o(i.__ARM_fpclassify)
    __hardfp_fabs                            0x08009323   Thumb Code    20  fabs.o(i.__hardfp_fabs)
    __hardfp_sqrt                            0x08009337   Thumb Code   122  sqrt.o(i.__hardfp_sqrt)
    _is_digit                                0x080093b1   Thumb Code    14  __printf_wp.o(i._is_digit)
    _sys_exit                                0x080093bf   Thumb Code     6  usart.o(i._sys_exit)
    changeState                              0x080093c5   Thumb Code   150  rlcmeasure.o(i.changeState)
    changeXS                                 0x08009465   Thumb Code    44  rlcmeasure.o(i.changeXS)
    delay_init                               0x08009495   Thumb Code    52  delay.o(i.delay_init)
    delay_ms                                 0x080094d1   Thumb Code    56  delay.o(i.delay_ms)
    delay_us                                 0x08009509   Thumb Code    72  delay.o(i.delay_us)
    delay_xms                                0x08009555   Thumb Code    72  delay.o(i.delay_xms)
    fputc                                    0x080095a1   Thumb Code    22  usart.o(i.fputc)
    keyBoard1_Generate                       0x080095bd   Thumb Code   310  ui1.o(i.keyBoard1_Generate)
    keyboard1_Input                          0x08009711   Thumb Code   192  ui1.o(i.keyboard1_Input)
    main                                     0x080097d9   Thumb Code   260  main.o(i.main)
    read_addr                                0x08009915   Thumb Code     6  usmart.o(i.read_addr)
    rlc_Calc                                 0x0800991d   Thumb Code   680  rlcmeasure.o(i.rlc_Calc)
    rlc_ChangeFreq                           0x08009bdd   Thumb Code    74  rlcmeasure.o(i.rlc_ChangeFreq)
    rlc_ChangeRange                          0x08009c41   Thumb Code   348  rlcmeasure.o(i.rlc_ChangeRange)
    rlc_GetResult                            0x08009dad   Thumb Code   100  rlcmeasure.o(i.rlc_GetResult)
    rlc_GetU                                 0x08009e11   Thumb Code   184  rlcmeasure.o(i.rlc_GetU)
    rlc_Initial                              0x08009f01   Thumb Code   230  rlcmeasure.o(i.rlc_Initial)
    rlc_Measure                              0x0800a03d   Thumb Code    42  rlcmeasure.o(i.rlc_Measure)
    rlc_SetFreq                              0x0800a069   Thumb Code    62  rlcmeasure.o(i.rlc_SetFreq)
    rlc_SwitchDataXY                         0x0800a0b1   Thumb Code    16  rlcmeasure.o(i.rlc_SwitchDataXY)
    rlc_UpdataPlay                           0x0800a0c1   Thumb Code   628  rlcmeasure.o(i.rlc_UpdataPlay)
    setDAC8811                               0x0800a419   Thumb Code    24  rlcmeasure.o(i.setDAC8811)
    setFDA                                   0x0800a431   Thumb Code    24  rlcmeasure.o(i.setFDA)
    uart_init                                0x0800a449   Thumb Code   164  usart.o(i.uart_init)
    usmart_cmd_rec                           0x0800a4f5   Thumb Code   170  usmart.o(i.usmart_cmd_rec)
    usmart_exe                               0x0800a5a5   Thumb Code   632  usmart.o(i.usmart_exe)
    usmart_get_aparm                         0x0800a879   Thumb Code   200  usmart_str.o(i.usmart_get_aparm)
    usmart_get_cmdname                       0x0800a941   Thumb Code    54  usmart_str.o(i.usmart_get_cmdname)
    usmart_get_fname                         0x0800a979   Thumb Code   440  usmart_str.o(i.usmart_get_fname)
    usmart_get_fparam                        0x0800ab39   Thumb Code   262  usmart_str.o(i.usmart_get_fparam)
    usmart_get_parmpos                       0x0800ac45   Thumb Code    26  usmart_str.o(i.usmart_get_parmpos)
    usmart_get_runtime                       0x0800ac65   Thumb Code    60  usmart.o(i.usmart_get_runtime)
    usmart_init                              0x0800aca9   Thumb Code    36  usmart.o(i.usmart_init)
    usmart_pow                               0x0800acd1   Thumb Code    22  usmart_str.o(i.usmart_pow)
    usmart_reset_runtime                     0x0800ace9   Thumb Code    38  usmart.o(i.usmart_reset_runtime)
    usmart_scan                              0x0800ad19   Thumb Code   120  usmart.o(i.usmart_scan)
    usmart_search_nextc                      0x0800add5   Thumb Code    22  usmart_str.o(i.usmart_search_nextc)
    usmart_str2num                           0x0800adeb   Thumb Code   202  usmart_str.o(i.usmart_str2num)
    usmart_strcmp                            0x0800aeb5   Thumb Code    34  usmart_str.o(i.usmart_strcmp)
    usmart_strcopy                           0x0800aed7   Thumb Code    22  usmart_str.o(i.usmart_strcopy)
    usmart_strlen                            0x0800aeed   Thumb Code    24  usmart_str.o(i.usmart_strlen)
    usmart_sys_cmd_exe                       0x0800af05   Thumb Code  1554  usmart.o(i.usmart_sys_cmd_exe)
    write_addr                               0x0800b5e9   Thumb Code     4  usmart.o(i.write_addr)
    _get_lc_numeric                          0x0800b5ed   Thumb Code    44  lc_numeric_c.o(locale$$code)
    _get_lc_ctype                            0x0800b619   Thumb Code    44  lc_ctype_c.o(locale$$code)
    __aeabi_dadd                             0x0800b645   Thumb Code     0  daddsub_clz.o(x$fpl$dadd)
    _dadd                                    0x0800b645   Thumb Code   332  daddsub_clz.o(x$fpl$dadd)
    __fpl_dcmp_Inf                           0x0800b795   Thumb Code    24  dcmpi.o(x$fpl$dcmpinf)
    __aeabi_ddiv                             0x0800b7ad   Thumb Code     0  ddiv.o(x$fpl$ddiv)
    _ddiv                                    0x0800b7ad   Thumb Code   552  ddiv.o(x$fpl$ddiv)
    __aeabi_d2uiz                            0x0800ba5d   Thumb Code     0  dfixu.o(x$fpl$dfixu)
    _dfixu                                   0x0800ba5d   Thumb Code    90  dfixu.o(x$fpl$dfixu)
    __aeabi_i2d                              0x0800bab7   Thumb Code     0  dflt_clz.o(x$fpl$dflt)
    _dflt                                    0x0800bab7   Thumb Code    46  dflt_clz.o(x$fpl$dflt)
    __aeabi_ui2d                             0x0800bae5   Thumb Code     0  dflt_clz.o(x$fpl$dfltu)
    _dfltu                                   0x0800bae5   Thumb Code    38  dflt_clz.o(x$fpl$dfltu)
    __aeabi_cdcmple                          0x0800bb0d   Thumb Code     0  dleqf.o(x$fpl$dleqf)
    _dcmple                                  0x0800bb0d   Thumb Code   120  dleqf.o(x$fpl$dleqf)
    __fpl_dcmple_InfNaN                      0x0800bb6f   Thumb Code     0  dleqf.o(x$fpl$dleqf)
    __aeabi_dmul                             0x0800bb85   Thumb Code     0  dmul.o(x$fpl$dmul)
    _dmul                                    0x0800bb85   Thumb Code   332  dmul.o(x$fpl$dmul)
    __fpl_dnaninf                            0x0800bcd9   Thumb Code   156  dnaninf.o(x$fpl$dnaninf)
    __fpl_dretinf                            0x0800bd75   Thumb Code    12  dretinf.o(x$fpl$dretinf)
    __aeabi_cdrcmple                         0x0800bd81   Thumb Code     0  drleqf.o(x$fpl$drleqf)
    _drcmple                                 0x0800bd81   Thumb Code   108  drleqf.o(x$fpl$drleqf)
    __aeabi_drsub                            0x0800bded   Thumb Code     0  daddsub_clz.o(x$fpl$drsb)
    _drsb                                    0x0800bded   Thumb Code    22  daddsub_clz.o(x$fpl$drsb)
    _dsqrt                                   0x0800be05   Thumb Code   404  dsqrt_umaal.o(x$fpl$dsqrt)
    __aeabi_dsub                             0x0800bf9d   Thumb Code     0  daddsub_clz.o(x$fpl$dsub)
    _dsub                                    0x0800bf9d   Thumb Code   464  daddsub_clz.o(x$fpl$dsub)
    __aeabi_f2d                              0x0800c171   Thumb Code     0  f2d.o(x$fpl$f2d)
    _f2d                                     0x0800c171   Thumb Code    86  f2d.o(x$fpl$f2d)
    __fpl_fnaninf                            0x0800c1c7   Thumb Code   140  fnaninf.o(x$fpl$fnaninf)
    _fp_init                                 0x0800c253   Thumb Code    10  fpinit.o(x$fpl$fpinit)
    __fplib_config_fpu_vfp                   0x0800c25b   Thumb Code     0  fpinit.o(x$fpl$fpinit)
    __fplib_config_pureend_doubles           0x0800c25b   Thumb Code     0  fpinit.o(x$fpl$fpinit)
    _printf_fp_dec                           0x0800c25d   Thumb Code     4  printf1.o(x$fpl$printf1)
    __I$use$fp                               0x0800c260   Number         0  usenofp.o(x$fpl$usenofp)
    asc2_1206                                0x0800c260   Data        1140  lcd.o(.constdata)
    asc2_1608                                0x0800c6d4   Data        1520  lcd.o(.constdata)
    asc2_2412                                0x0800ccc4   Data        3420  lcd.o(.constdata)
    FT5206_TPX_TBL                           0x0800da20   Data          10  ft5206.o(.constdata)
    OTT_TPX_TBL                              0x0800da2a   Data          10  ott2001a.o(.constdata)
    TP_REMIND_MSG_TBL                        0x0800da34   Data           4  touch.o(.constdata)
    GT9147_CFG_TBL                           0x0800da38   Data         184  gt9147.o(.constdata)
    GT9147_TPX_TBL                           0x0800daf0   Data          10  gt9147.o(.constdata)
    Region$$Table$$Base                      0x0800df88   Number         0  anon$$obj.o(Region$$Table)
    Region$$Table$$Limit                     0x0800dfa8   Number         0  anon$$obj.o(Region$$Table)
    __ctype                                  0x0800dfd1   Data           0  lc_ctype_c.o(locale$$data)
    mem3base                                 0x10000000   Data       61440  malloc.o(.ARM.__AT_0x10000000)
    mem3mapbase                              0x1000f000   Data        3840  malloc.o(.ARM.__AT_0x1000F000)
    timer3ItFlag                             0x20000000   Data           1  main.o(.data)
    __stdout                                 0x20000018   Data           4  usart.o(.data)
    USART_RX_STA                             0x2000001c   Data           2  usart.o(.data)
    POINT_COLOR                              0x2000001e   Data           2  lcd.o(.data)
    BACK_COLOR                               0x20000020   Data           2  lcd.o(.data)
    tp_dev                                   0x20000028   Data          52  touch.o(.data)
    CMD_RDX                                  0x2000005c   Data           1  touch.o(.data)
    CMD_RDY                                  0x2000005d   Data           1  touch.o(.data)
    sys_cmd_tab                              0x20000060   Data          28  usmart.o(.data)
    usmart_nametab                           0x2000007c   Data         168  usmart_config.o(.data)
    usmart_dev                               0x20000124   Data         244  usmart_config.o(.data)
    USART_RX_BUF                             0x20000218   Data         200  usart.o(.bss)
    lcddev                                   0x200002e0   Data          14  lcd.o(.bss)
    print_temp                               0x200002ee   Data         100  lcdpro.o(.bss)
    __libspace_start                         0x20000354   Data          96  libspace.o(.bss)
    __temporary_stack_top$libspace           0x200003b4   Data           0  libspace.o(.bss)
    mem2base                                 0x68000000   Data       983040  malloc.o(.ARM.__AT_0x68000000)
    mem2mapbase                              0x680f0000   Data       61440  malloc.o(.ARM.__AT_0x680F0000)



==============================================================================

Memory Map of the image

  Image Entry point : 0x08000189

  Load Region LR_IROM1 (Base: 0x08000000, Size: 0x0000e2ec, Max: 0x00100000, ABSOLUTE, COMPRESSED[0x0000e1ac])

    Execution Region ER_IROM1 (Base: 0x08000000, Size: 0x0000e0d4, Max: 0x00100000, ABSOLUTE)

    Base Addr    Size         Type   Attr      Idx    E Section Name        Object

    0x08000000   0x00000188   Data   RO         5151    RESET               startup_stm32f40_41xxx.o
    0x08000188   0x00000008   Code   RO         6797  * !!!main             c_w.l(__main.o)
    0x08000190   0x00000034   Code   RO         7216    !!!scatter          c_w.l(__scatter.o)
    0x080001c4   0x0000005a   Code   RO         7214    !!dczerorl2         c_w.l(__dczerorl2.o)
    0x0800021e   0x00000002   PAD
    0x08000220   0x0000001c   Code   RO         7218    !!handler_zi        c_w.l(__scatter_zi.o)
    0x0800023c   0x00000000   Code   RO         6788    .ARM.Collect$$_printf_percent$$00000000  c_w.l(_printf_percent.o)
    0x0800023c   0x00000006   Code   RO         6887    .ARM.Collect$$_printf_percent$$00000001  c_w.l(_printf_n.o)
    0x08000242   0x00000006   Code   RO         6888    .ARM.Collect$$_printf_percent$$00000002  c_w.l(_printf_p.o)
    0x08000248   0x00000006   Code   RO         6891    .ARM.Collect$$_printf_percent$$00000003  c_w.l(_printf_f.o)
    0x0800024e   0x00000006   Code   RO         6892    .ARM.Collect$$_printf_percent$$00000004  c_w.l(_printf_e.o)
    0x08000254   0x00000006   Code   RO         6893    .ARM.Collect$$_printf_percent$$00000005  c_w.l(_printf_g.o)
    0x0800025a   0x00000006   Code   RO         6894    .ARM.Collect$$_printf_percent$$00000006  c_w.l(_printf_a.o)
    0x08000260   0x0000000a   Code   RO         6899    .ARM.Collect$$_printf_percent$$00000007  c_w.l(_printf_ll.o)
    0x0800026a   0x00000006   Code   RO         6890    .ARM.Collect$$_printf_percent$$00000008  c_w.l(_printf_i.o)
    0x08000270   0x00000006   Code   RO         6786    .ARM.Collect$$_printf_percent$$00000009  c_w.l(_printf_d.o)
    0x08000276   0x00000006   Code   RO         6787    .ARM.Collect$$_printf_percent$$0000000A  c_w.l(_printf_u.o)
    0x0800027c   0x00000006   Code   RO         6889    .ARM.Collect$$_printf_percent$$0000000B  c_w.l(_printf_o.o)
    0x08000282   0x00000006   Code   RO         6785    .ARM.Collect$$_printf_percent$$0000000C  c_w.l(_printf_x.o)
    0x08000288   0x00000006   Code   RO         6896    .ARM.Collect$$_printf_percent$$0000000D  c_w.l(_printf_lli.o)
    0x0800028e   0x00000006   Code   RO         6897    .ARM.Collect$$_printf_percent$$0000000E  c_w.l(_printf_lld.o)
    0x08000294   0x00000006   Code   RO         6898    .ARM.Collect$$_printf_percent$$0000000F  c_w.l(_printf_llu.o)
    0x0800029a   0x00000006   Code   RO         6903    .ARM.Collect$$_printf_percent$$00000010  c_w.l(_printf_llo.o)
    0x080002a0   0x00000006   Code   RO         6904    .ARM.Collect$$_printf_percent$$00000011  c_w.l(_printf_llx.o)
    0x080002a6   0x0000000a   Code   RO         6900    .ARM.Collect$$_printf_percent$$00000012  c_w.l(_printf_l.o)
    0x080002b0   0x00000006   Code   RO         6783    .ARM.Collect$$_printf_percent$$00000013  c_w.l(_printf_c.o)
    0x080002b6   0x00000006   Code   RO         6784    .ARM.Collect$$_printf_percent$$00000014  c_w.l(_printf_s.o)
    0x080002bc   0x00000006   Code   RO         6901    .ARM.Collect$$_printf_percent$$00000015  c_w.l(_printf_lc.o)
    0x080002c2   0x00000006   Code   RO         6902    .ARM.Collect$$_printf_percent$$00000016  c_w.l(_printf_ls.o)
    0x080002c8   0x00000004   Code   RO         6895    .ARM.Collect$$_printf_percent$$00000017  c_w.l(_printf_percent_end.o)
    0x080002cc   0x00000002   Code   RO         7013    .ARM.Collect$$libinit$$00000000  c_w.l(libinit.o)
    0x080002ce   0x00000004   Code   RO         7014    .ARM.Collect$$libinit$$00000001  c_w.l(libinit2.o)
    0x080002d2   0x00000000   Code   RO         7017    .ARM.Collect$$libinit$$00000004  c_w.l(libinit2.o)
    0x080002d2   0x00000000   Code   RO         7020    .ARM.Collect$$libinit$$0000000A  c_w.l(libinit2.o)
    0x080002d2   0x00000000   Code   RO         7022    .ARM.Collect$$libinit$$0000000C  c_w.l(libinit2.o)
    0x080002d2   0x00000000   Code   RO         7024    .ARM.Collect$$libinit$$0000000E  c_w.l(libinit2.o)
    0x080002d2   0x00000006   Code   RO         7025    .ARM.Collect$$libinit$$0000000F  c_w.l(libinit2.o)
    0x080002d8   0x00000000   Code   RO         7027    .ARM.Collect$$libinit$$00000011  c_w.l(libinit2.o)
    0x080002d8   0x0000000c   Code   RO         7028    .ARM.Collect$$libinit$$00000012  c_w.l(libinit2.o)
    0x080002e4   0x00000000   Code   RO         7029    .ARM.Collect$$libinit$$00000013  c_w.l(libinit2.o)
    0x080002e4   0x00000000   Code   RO         7031    .ARM.Collect$$libinit$$00000015  c_w.l(libinit2.o)
    0x080002e4   0x0000000a   Code   RO         7032    .ARM.Collect$$libinit$$00000016  c_w.l(libinit2.o)
    0x080002ee   0x00000000   Code   RO         7033    .ARM.Collect$$libinit$$00000017  c_w.l(libinit2.o)
    0x080002ee   0x00000000   Code   RO         7035    .ARM.Collect$$libinit$$00000019  c_w.l(libinit2.o)
    0x080002ee   0x00000000   Code   RO         7037    .ARM.Collect$$libinit$$0000001B  c_w.l(libinit2.o)
    0x080002ee   0x00000000   Code   RO         7039    .ARM.Collect$$libinit$$0000001D  c_w.l(libinit2.o)
    0x080002ee   0x00000000   Code   RO         7041    .ARM.Collect$$libinit$$0000001F  c_w.l(libinit2.o)
    0x080002ee   0x00000000   Code   RO         7043    .ARM.Collect$$libinit$$00000021  c_w.l(libinit2.o)
    0x080002ee   0x00000000   Code   RO         7045    .ARM.Collect$$libinit$$00000023  c_w.l(libinit2.o)
    0x080002ee   0x00000000   Code   RO         7047    .ARM.Collect$$libinit$$00000025  c_w.l(libinit2.o)
    0x080002ee   0x00000000   Code   RO         7051    .ARM.Collect$$libinit$$0000002C  c_w.l(libinit2.o)
    0x080002ee   0x00000000   Code   RO         7053    .ARM.Collect$$libinit$$0000002E  c_w.l(libinit2.o)
    0x080002ee   0x00000000   Code   RO         7055    .ARM.Collect$$libinit$$00000030  c_w.l(libinit2.o)
    0x080002ee   0x00000000   Code   RO         7057    .ARM.Collect$$libinit$$00000032  c_w.l(libinit2.o)
    0x080002ee   0x00000002   Code   RO         7058    .ARM.Collect$$libinit$$00000033  c_w.l(libinit2.o)
    0x080002f0   0x00000002   Code   RO         7126    .ARM.Collect$$libshutdown$$00000000  c_w.l(libshutdown.o)
    0x080002f2   0x00000000   Code   RO         7152    .ARM.Collect$$libshutdown$$00000003  c_w.l(libshutdown2.o)
    0x080002f2   0x00000000   Code   RO         7155    .ARM.Collect$$libshutdown$$00000006  c_w.l(libshutdown2.o)
    0x080002f2   0x00000000   Code   RO         7158    .ARM.Collect$$libshutdown$$00000009  c_w.l(libshutdown2.o)
    0x080002f2   0x00000000   Code   RO         7160    .ARM.Collect$$libshutdown$$0000000B  c_w.l(libshutdown2.o)
    0x080002f2   0x00000000   Code   RO         7163    .ARM.Collect$$libshutdown$$0000000E  c_w.l(libshutdown2.o)
    0x080002f2   0x00000002   Code   RO         7164    .ARM.Collect$$libshutdown$$0000000F  c_w.l(libshutdown2.o)
    0x080002f4   0x00000000   Code   RO         6859    .ARM.Collect$$rtentry$$00000000  c_w.l(__rtentry.o)
    0x080002f4   0x00000000   Code   RO         6923    .ARM.Collect$$rtentry$$00000002  c_w.l(__rtentry2.o)
    0x080002f4   0x00000006   Code   RO         6935    .ARM.Collect$$rtentry$$00000004  c_w.l(__rtentry4.o)
    0x080002fa   0x00000000   Code   RO         6925    .ARM.Collect$$rtentry$$00000009  c_w.l(__rtentry2.o)
    0x080002fa   0x00000004   Code   RO         6926    .ARM.Collect$$rtentry$$0000000A  c_w.l(__rtentry2.o)
    0x080002fe   0x00000000   Code   RO         6928    .ARM.Collect$$rtentry$$0000000C  c_w.l(__rtentry2.o)
    0x080002fe   0x00000008   Code   RO         6929    .ARM.Collect$$rtentry$$0000000D  c_w.l(__rtentry2.o)
    0x08000306   0x00000002   Code   RO         7063    .ARM.Collect$$rtexit$$00000000  c_w.l(rtexit.o)
    0x08000308   0x00000000   Code   RO         7090    .ARM.Collect$$rtexit$$00000002  c_w.l(rtexit2.o)
    0x08000308   0x00000004   Code   RO         7091    .ARM.Collect$$rtexit$$00000003  c_w.l(rtexit2.o)
    0x0800030c   0x00000006   Code   RO         7092    .ARM.Collect$$rtexit$$00000004  c_w.l(rtexit2.o)
    0x08000312   0x00000002   PAD
    0x08000314   0x00000040   Code   RO         5152    .text               startup_stm32f40_41xxx.o
    0x08000354   0x00000002   Code   RO         6726    .text               c_w.l(use_no_semi_2.o)
    0x08000356   0x00000002   PAD
    0x08000358   0x00000024   Code   RO         6728    .text               c_w.l(c89vsprintf.o)
    0x0800037c   0x00000018   Code   RO         6730    .text               c_w.l(__2printf.o)
    0x08000394   0x0000004e   Code   RO         6736    .text               c_w.l(_printf_pad.o)
    0x080003e2   0x00000052   Code   RO         6738    .text               c_w.l(_printf_str.o)
    0x08000434   0x00000078   Code   RO         6740    .text               c_w.l(_printf_dec.o)
    0x080004ac   0x00000094   Code   RO         6760    .text               c_w.l(_printf_hex_int_ll_ptr.o)
    0x08000540   0x00000188   Code   RO         6780    .text               c_w.l(__printf_flags_ss_wp.o)
    0x080006c8   0x00000048   Code   RO         6789    .text               c_w.l(strcpy.o)
    0x08000710   0x00000080   Code   RO         6793    .text               c_w.l(strcmpv7m.o)
    0x08000790   0x00000006   Code   RO         6795    .text               c_w.l(heapauxi.o)
    0x08000796   0x00000002   Code   RO         6857    .text               c_w.l(use_no_semi.o)
    0x08000798   0x00000016   Code   RO         6860    .text               c_w.l(_rserrno.o)
    0x080007ae   0x00000024   Code   RO         6862    .text               c_w.l(_printf_truncate.o)
    0x080007d2   0x000000b2   Code   RO         6864    .text               c_w.l(_printf_intcommon.o)
    0x08000884   0x00000028   Code   RO         6866    .text               c_w.l(_printf_charcount.o)
    0x080008ac   0x00000030   Code   RO         6868    .text               c_w.l(_printf_char_common.o)
    0x080008dc   0x0000000a   Code   RO         6870    .text               c_w.l(_sputc.o)
    0x080008e6   0x0000002c   Code   RO         6872    .text               c_w.l(_printf_char.o)
    0x08000912   0x00000002   PAD
    0x08000914   0x00000024   Code   RO         6874    .text               c_w.l(_printf_char_file.o)
    0x08000938   0x000000bc   Code   RO         6876    .text               c_w.l(_printf_wctomb.o)
    0x080009f4   0x0000007c   Code   RO         6879    .text               c_w.l(_printf_longlong_dec.o)
    0x08000a70   0x00000070   Code   RO         6885    .text               c_w.l(_printf_oct_int_ll.o)
    0x08000ae0   0x00000008   Code   RO         6940    .text               c_w.l(rt_errno_addr_intlibspace.o)
    0x08000ae8   0x0000008a   Code   RO         6942    .text               c_w.l(lludiv10.o)
    0x08000b72   0x0000041a   Code   RO         6946    .text               c_w.l(_printf_fp_dec.o)
    0x08000f8c   0x0000002c   Code   RO         6950    .text               c_w.l(_printf_wchar.o)
    0x08000fb8   0x00000008   Code   RO         6954    .text               c_w.l(ferror.o)
    0x08000fc0   0x00000040   Code   RO         6958    .text               c_w.l(_wcrtomb.o)
    0x08001000   0x00000008   Code   RO         6965    .text               c_w.l(libspace.o)
    0x08001008   0x0000004a   Code   RO         6968    .text               c_w.l(sys_stackheap_outer.o)
    0x08001052   0x00000002   PAD
    0x08001054   0x00000010   Code   RO         6970    .text               c_w.l(rt_ctype_table.o)
    0x08001064   0x00000008   Code   RO         6975    .text               c_w.l(rt_locale_intlibspace.o)
    0x0800106c   0x00000080   Code   RO         6977    .text               c_w.l(_printf_fp_infnan.o)
    0x080010ec   0x000000dc   Code   RO         6981    .text               c_w.l(bigflt0.o)
    0x080011c8   0x0000000c   Code   RO         7006    .text               c_w.l(exit.o)
    0x080011d4   0x0000003e   Code   RO         6984    CL$$btod_d2e        c_w.l(btod.o)
    0x08001212   0x00000046   Code   RO         6986    CL$$btod_d2e_denorm_low  c_w.l(btod.o)
    0x08001258   0x00000060   Code   RO         6985    CL$$btod_d2e_norm_op1  c_w.l(btod.o)
    0x080012b8   0x00000338   Code   RO         6994    CL$$btod_div_common  c_w.l(btod.o)
    0x080015f0   0x000000c6   Code   RO         6991    CL$$btod_e2e        c_w.l(btod.o)
    0x080016b6   0x00000028   Code   RO         6988    CL$$btod_ediv       c_w.l(btod.o)
    0x080016de   0x00000028   Code   RO         6987    CL$$btod_emul       c_w.l(btod.o)
    0x08001706   0x00000244   Code   RO         6993    CL$$btod_mult_common  c_w.l(btod.o)
    0x0800194a   0x00000008   Code   RO         5757    i.AT24CXX_Init      24cxx.o
    0x08001952   0x0000002c   Code   RO         5759    i.AT24CXX_ReadLenByte  24cxx.o
    0x0800197e   0x00000058   Code   RO         5760    i.AT24CXX_ReadOneByte  24cxx.o
    0x080019d6   0x0000002a   Code   RO         5762    i.AT24CXX_WriteLenByte  24cxx.o
    0x08001a00   0x00000050   Code   RO         5763    i.AT24CXX_WriteOneByte  24cxx.o
    0x08001a50   0x00000004   Code   RO          287    i.BusFault_Handler  stm32f4xx_it.o
    0x08001a54   0x0000000a   Code   RO         5886    i.CT_Delay          ctiic.o
    0x08001a5e   0x00000002   PAD
    0x08001a60   0x00000054   Code   RO         5887    i.CT_IIC_Ack        ctiic.o
    0x08001ab4   0x00000044   Code   RO         5888    i.CT_IIC_Init       ctiic.o
    0x08001af8   0x00000054   Code   RO         5889    i.CT_IIC_NAck       ctiic.o
    0x08001b4c   0x0000006c   Code   RO         5890    i.CT_IIC_Read_Byte  ctiic.o
    0x08001bb8   0x00000064   Code   RO         5891    i.CT_IIC_Send_Byte  ctiic.o
    0x08001c1c   0x0000004c   Code   RO         5892    i.CT_IIC_Start      ctiic.o
    0x08001c68   0x00000048   Code   RO         5893    i.CT_IIC_Stop       ctiic.o
    0x08001cb0   0x00000060   Code   RO         5894    i.CT_IIC_Wait_Ack   ctiic.o
    0x08001d10   0x00000048   Code   RO            6    i.DA8811_Init       main.o
    0x08001d58   0x00000002   Code   RO          288    i.DebugMon_Handler  stm32f4xx_it.o
    0x08001d5a   0x00000002   PAD
    0x08001d5c   0x00000028   Code   RO         5707    i.DebugPrintf       lcdpro.o
    0x08001d84   0x00000064   Code   RO         5708    i.DebugStatePrint   lcdpro.o
    0x08001de8   0x00000034   Code   RO         2023    i.FSMC_NORSRAMCmd   stm32f4xx_fsmc.o
    0x08001e1c   0x000000e6   Code   RO         2025    i.FSMC_NORSRAMInit  stm32f4xx_fsmc.o
    0x08001f02   0x00000002   PAD
    0x08001f04   0x000000e8   Code   RO         5957    i.FT5206_Init       ft5206.o
    0x08001fec   0x00000058   Code   RO         5958    i.FT5206_RD_Reg     ft5206.o
    0x08002044   0x0000019c   Code   RO         5959    i.FT5206_Scan       ft5206.o
    0x080021e0   0x00000052   Code   RO         5960    i.FT5206_WR_Reg     ft5206.o
    0x08002232   0x00000002   PAD
    0x08002234   0x00000060   Code   RO         5265    i.Fpga_ReadReg      connectfpga.o
    0x08002294   0x00000060   Code   RO         5266    i.Fpga_WriteReg     connectfpga.o
    0x080022f4   0x00000090   Code   RO         2144    i.GPIO_Init         stm32f4xx_gpio.o
    0x08002384   0x00000046   Code   RO         2145    i.GPIO_PinAFConfig  stm32f4xx_gpio.o
    0x080023ca   0x00000004   Code   RO         2152    i.GPIO_SetBits      stm32f4xx_gpio.o
    0x080023ce   0x00000002   PAD
    0x080023d0   0x00000130   Code   RO         6151    i.GT9147_Init       gt9147.o
    0x08002500   0x00000062   Code   RO         6152    i.GT9147_RD_Reg     gt9147.o
    0x08002562   0x00000002   PAD
    0x08002564   0x00000200   Code   RO         6153    i.GT9147_Scan       gt9147.o
    0x08002764   0x0000005c   Code   RO         6154    i.GT9147_Send_Cfg   gt9147.o
    0x080027c0   0x0000005c   Code   RO         6155    i.GT9147_WR_Reg     gt9147.o
    0x0800281c   0x00000004   Code   RO          289    i.HardFault_Handler  stm32f4xx_it.o
    0x08002820   0x00000050   Code   RO         5824    i.IIC_Ack           myiic.o
    0x08002870   0x0000004c   Code   RO         5825    i.IIC_Init          myiic.o
    0x080028bc   0x00000050   Code   RO         5826    i.IIC_NAck          myiic.o
    0x0800290c   0x0000006c   Code   RO         5827    i.IIC_Read_Byte     myiic.o
    0x08002978   0x00000068   Code   RO         5828    i.IIC_Send_Byte     myiic.o
    0x080029e0   0x0000004c   Code   RO         5829    i.IIC_Start         myiic.o
    0x08002a2c   0x0000004c   Code   RO         5830    i.IIC_Stop          myiic.o
    0x08002a78   0x00000060   Code   RO         5831    i.IIC_Wait_Ack      myiic.o
    0x08002ad8   0x00000044   Code   RO         5449    i.KEY_Init          key.o
    0x08002b1c   0x0000006c   Code   RO         5477    i.LCD_Clear         lcd.o
    0x08002b88   0x000000c8   Code   RO         5709    i.LCD_Debug_ShowString  lcdpro.o
    0x08002c50   0x000001c0   Code   RO         5481    i.LCD_Display_Dir   lcd.o
    0x08002e10   0x000000b0   Code   RO         5482    i.LCD_DrawLine      lcd.o
    0x08002ec0   0x00000024   Code   RO         5483    i.LCD_DrawPoint     lcd.o
    0x08002ee4   0x0000003c   Code   RO         5484    i.LCD_DrawRectangle  lcd.o
    0x08002f20   0x00000098   Code   RO         5485    i.LCD_Draw_Circle   lcd.o
    0x08002fb8   0x00000180   Code   RO         5486    i.LCD_Fast_DrawPoint  lcd.o
    0x08003138   0x000000b8   Code   RO         5487    i.LCD_Fill          lcd.o
    0x080031f0   0x00003970   Code   RO         5488    i.LCD_Init          lcd.o
    0x08006b60   0x00000016   Code   RO         5489    i.LCD_Pow           lcd.o
    0x08006b76   0x00000002   PAD
    0x08006b78   0x00000014   Code   RO         5490    i.LCD_RD_DATA       lcd.o
    0x08006b8c   0x00000016   Code   RO         5492    i.LCD_ReadReg       lcd.o
    0x08006ba2   0x00000002   PAD
    0x08006ba4   0x00000060   Code   RO         5493    i.LCD_SSD_BackLightSet  lcd.o
    0x08006c04   0x000002ec   Code   RO         5494    i.LCD_Scan_Dir      lcd.o
    0x08006ef0   0x000001a8   Code   RO         5495    i.LCD_SetCursor     lcd.o
    0x08007098   0x00000128   Code   RO         5497    i.LCD_ShowChar      lcd.o
    0x080071c0   0x00000094   Code   RO         5498    i.LCD_ShowNum       lcd.o
    0x08007254   0x00000066   Code   RO         5499    i.LCD_ShowString    lcd.o
    0x080072ba   0x000000be   Code   RO         5500    i.LCD_ShowxNum      lcd.o
    0x08007378   0x00000018   Code   RO         5501    i.LCD_WR_DATA       lcd.o
    0x08007390   0x00000018   Code   RO         5502    i.LCD_WR_REG        lcd.o
    0x080073a8   0x00000014   Code   RO         5504    i.LCD_WriteRAM_Prepare  lcd.o
    0x080073bc   0x00000014   Code   RO         5505    i.LCD_WriteReg      lcd.o
    0x080073d0   0x00000040   Code   RO         5687    i.LED_Init          led.o
    0x08007410   0x00000004   Code   RO          290    i.MemManage_Handler  stm32f4xx_it.o
    0x08007414   0x00000002   Code   RO          291    i.NMI_Handler       stm32f4xx_it.o
    0x08007416   0x00000002   PAD
    0x08007418   0x00000078   Code   RO          421    i.NVIC_Init         misc.o
    0x08007490   0x00000014   Code   RO          422    i.NVIC_PriorityGroupConfig  misc.o
    0x080074a4   0x000000ac   Code   RO         6003    i.OTT2001A_Init     ott2001a.o
    0x08007550   0x00000062   Code   RO         6004    i.OTT2001A_RD_Reg   ott2001a.o
    0x080075b2   0x00000002   PAD
    0x080075b4   0x00000204   Code   RO         6005    i.OTT2001A_Scan     ott2001a.o
    0x080077b8   0x0000001c   Code   RO         6006    i.OTT2001A_SensorControl  ott2001a.o
    0x080077d4   0x0000005c   Code   RO         6007    i.OTT2001A_WR_Reg   ott2001a.o
    0x08007830   0x00000002   Code   RO          292    i.PendSV_Handler    stm32f4xx_it.o
    0x08007832   0x00000002   PAD
    0x08007834   0x00000020   Code   RO         3008    i.RCC_AHB1PeriphClockCmd  stm32f4xx_rcc.o
    0x08007854   0x00000020   Code   RO         3014    i.RCC_AHB3PeriphClockCmd  stm32f4xx_rcc.o
    0x08007874   0x00000020   Code   RO         3017    i.RCC_APB1PeriphClockCmd  stm32f4xx_rcc.o
    0x08007894   0x00000020   Code   RO         3019    i.RCC_APB1PeriphResetCmd  stm32f4xx_rcc.o
    0x080078b4   0x00000020   Code   RO         3020    i.RCC_APB2PeriphClockCmd  stm32f4xx_rcc.o
    0x080078d4   0x00000020   Code   RO         3022    i.RCC_APB2PeriphResetCmd  stm32f4xx_rcc.o
    0x080078f4   0x000000e8   Code   RO         3029    i.RCC_GetClocksFreq  stm32f4xx_rcc.o
    0x080079dc   0x00000118   Code   RO         5268    i.SPI1_Init         connectfpga.o
    0x08007af4   0x00000034   Code   RO         5269    i.SPI1_ReadWriteByte  connectfpga.o
    0x08007b28   0x000000c0   Code   RO         6199    i.SPI3_Init         spi.o
    0x08007be8   0x00000018   Code   RO         4125    i.SPI_Cmd           stm32f4xx_spi.o
    0x08007c00   0x00000012   Code   RO         4133    i.SPI_I2S_GetFlagStatus  stm32f4xx_spi.o
    0x08007c12   0x00000006   Code   RO         4136    i.SPI_I2S_ReceiveData  stm32f4xx_spi.o
    0x08007c18   0x00000004   Code   RO         4137    i.SPI_I2S_SendData  stm32f4xx_spi.o
    0x08007c1c   0x0000003c   Code   RO         4138    i.SPI_Init          stm32f4xx_spi.o
    0x08007c58   0x00000002   Code   RO          293    i.SVC_Handler       stm32f4xx_it.o
    0x08007c5a   0x00000002   PAD
    0x08007c5c   0x000000ec   Code   RO          384    i.SetSysClock       system_stm32f4xx.o
    0x08007d48   0x00000028   Code   RO          425    i.SysTick_CLKSourceConfig  misc.o
    0x08007d70   0x00000002   Code   RO          294    i.SysTick_Handler   stm32f4xx_it.o
    0x08007d72   0x00000002   PAD
    0x08007d74   0x00000068   Code   RO          386    i.SystemInit        system_stm32f4xx.o
    0x08007ddc   0x00000038   Code   RO            9    i.TIM3_IRQHandler   main.o
    0x08007e14   0x0000005c   Code   RO         6234    i.TIM3_Int_Init     timer.o
    0x08007e70   0x00000038   Code   RO         6541    i.TIM4_IRQHandler   usmart.o
    0x08007ea8   0x00000006   Code   RO         4349    i.TIM_ClearFlag     stm32f4xx_tim.o
    0x08007eae   0x00000006   Code   RO         4350    i.TIM_ClearITPendingBit  stm32f4xx_tim.o
    0x08007eb4   0x00000018   Code   RO         4355    i.TIM_Cmd           stm32f4xx_tim.o
    0x08007ecc   0x00000006   Code   RO         4374    i.TIM_GetCounter    stm32f4xx_tim.o
    0x08007ed2   0x00000012   Code   RO         4375    i.TIM_GetFlagStatus  stm32f4xx_tim.o
    0x08007ee4   0x00000022   Code   RO         4376    i.TIM_GetITStatus   stm32f4xx_tim.o
    0x08007f06   0x00000012   Code   RO         4380    i.TIM_ITConfig      stm32f4xx_tim.o
    0x08007f18   0x00000004   Code   RO         4415    i.TIM_SetAutoreload  stm32f4xx_tim.o
    0x08007f1c   0x00000004   Code   RO         4421    i.TIM_SetCounter    stm32f4xx_tim.o
    0x08007f20   0x00000084   Code   RO         4427    i.TIM_TimeBaseInit  stm32f4xx_tim.o
    0x08007fa4   0x000001a8   Code   RO         6051    i.TP_Adj_Info_Show  touch.o
    0x0800814c   0x00000900   Code   RO         6052    i.TP_Adjust         touch.o
    0x08008a4c   0x00000070   Code   RO         6054    i.TP_Drow_Touch_Point  touch.o
    0x08008abc   0x000000b0   Code   RO         6055    i.TP_Get_Adjdata    touch.o
    0x08008b6c   0x00000144   Code   RO         6056    i.TP_Init           touch.o
    0x08008cb0   0x00000094   Code   RO         6057    i.TP_Read_AD        touch.o
    0x08008d44   0x00000078   Code   RO         6058    i.TP_Read_XOY       touch.o
    0x08008dbc   0x00000030   Code   RO         6059    i.TP_Read_XY        touch.o
    0x08008dec   0x000000c0   Code   RO         6060    i.TP_Read_XY2       touch.o
    0x08008eac   0x00000080   Code   RO         6061    i.TP_Save_Adjdata   touch.o
    0x08008f2c   0x000000fc   Code   RO         6062    i.TP_Scan           touch.o
    0x08009028   0x0000004c   Code   RO         6063    i.TP_Write_Byte     touch.o
    0x08009074   0x0000005c   Code   RO         6542    i.Timer4_Init       usmart.o
    0x080090d0   0x00000088   Code   RO         5216    i.USART1_IRQHandler  usart.o
    0x08009158   0x00000018   Code   RO         4905    i.USART_Cmd         stm32f4xx_usart.o
    0x08009170   0x00000054   Code   RO         4909    i.USART_GetITStatus  stm32f4xx_usart.o
    0x080091c4   0x0000004a   Code   RO         4911    i.USART_ITConfig    stm32f4xx_usart.o
    0x0800920e   0x00000002   PAD
    0x08009210   0x000000d4   Code   RO         4912    i.USART_Init        stm32f4xx_usart.o
    0x080092e4   0x0000000a   Code   RO         4919    i.USART_ReceiveData  stm32f4xx_usart.o
    0x080092ee   0x00000004   Code   RO          295    i.UsageFault_Handler  stm32f4xx_it.o
    0x080092f2   0x00000030   Code   RO         7061    i.__ARM_fpclassify  m_wm.l(fpclassify.o)
    0x08009322   0x00000014   Code   RO         6839    i.__hardfp_fabs     m_wm.l(fabs.o)
    0x08009336   0x0000007a   Code   RO         6845    i.__hardfp_sqrt     m_wm.l(sqrt.o)
    0x080093b0   0x0000000e   Code   RO         6773    i._is_digit         c_w.l(__printf_wp.o)
    0x080093be   0x00000006   Code   RO         5217    i._sys_exit         usart.o
    0x080093c4   0x000000a0   Code   RO         5315    i.changeState       rlcmeasure.o
    0x08009464   0x00000030   Code   RO         5316    i.changeXS          rlcmeasure.o
    0x08009494   0x0000003c   Code   RO         5158    i.delay_init        delay.o
    0x080094d0   0x00000038   Code   RO         5159    i.delay_ms          delay.o
    0x08009508   0x0000004c   Code   RO         5160    i.delay_us          delay.o
    0x08009554   0x0000004c   Code   RO         5161    i.delay_xms         delay.o
    0x080095a0   0x0000001c   Code   RO         5218    i.fputc             usart.o
    0x080095bc   0x00000154   Code   RO         5413    i.keyBoard1_Generate  ui1.o
    0x08009710   0x000000c8   Code   RO         5414    i.keyboard1_Input   ui1.o
    0x080097d8   0x0000013c   Code   RO           11    i.main              main.o
    0x08009914   0x00000006   Code   RO         6543    i.read_addr         usmart.o
    0x0800991a   0x00000002   PAD
    0x0800991c   0x000002c0   Code   RO         5317    i.rlc_Calc          rlcmeasure.o
    0x08009bdc   0x00000064   Code   RO         5318    i.rlc_ChangeFreq    rlcmeasure.o
    0x08009c40   0x0000016c   Code   RO         5319    i.rlc_ChangeRange   rlcmeasure.o
    0x08009dac   0x00000064   Code   RO         5320    i.rlc_GetResult     rlcmeasure.o
    0x08009e10   0x000000f0   Code   RO         5321    i.rlc_GetU          rlcmeasure.o
    0x08009f00   0x0000013c   Code   RO         5322    i.rlc_Initial       rlcmeasure.o
    0x0800a03c   0x0000002a   Code   RO         5323    i.rlc_Measure       rlcmeasure.o
    0x0800a066   0x00000002   PAD
    0x0800a068   0x00000048   Code   RO         5324    i.rlc_SetFreq       rlcmeasure.o
    0x0800a0b0   0x00000010   Code   RO         5325    i.rlc_SwitchDataXY  rlcmeasure.o
    0x0800a0c0   0x00000358   Code   RO         5326    i.rlc_UpdataPlay    rlcmeasure.o
    0x0800a418   0x00000018   Code   RO         5327    i.setDAC8811        rlcmeasure.o
    0x0800a430   0x00000018   Code   RO         5328    i.setFDA            rlcmeasure.o
    0x0800a448   0x000000ac   Code   RO         5219    i.uart_init         usart.o
    0x0800a4f4   0x000000b0   Code   RO         6544    i.usmart_cmd_rec    usmart.o
    0x0800a5a4   0x000002d4   Code   RO         6545    i.usmart_exe        usmart.o
    0x0800a878   0x000000c8   Code   RO         6646    i.usmart_get_aparm  usmart_str.o
    0x0800a940   0x00000036   Code   RO         6647    i.usmart_get_cmdname  usmart_str.o
    0x0800a976   0x00000002   PAD
    0x0800a978   0x000001c0   Code   RO         6648    i.usmart_get_fname  usmart_str.o
    0x0800ab38   0x0000010c   Code   RO         6649    i.usmart_get_fparam  usmart_str.o
    0x0800ac44   0x00000020   Code   RO         6650    i.usmart_get_parmpos  usmart_str.o
    0x0800ac64   0x00000044   Code   RO         6546    i.usmart_get_runtime  usmart.o
    0x0800aca8   0x00000028   Code   RO         6547    i.usmart_init       usmart.o
    0x0800acd0   0x00000016   Code   RO         6651    i.usmart_pow        usmart_str.o
    0x0800ace6   0x00000002   PAD
    0x0800ace8   0x00000030   Code   RO         6548    i.usmart_reset_runtime  usmart.o
    0x0800ad18   0x000000bc   Code   RO         6549    i.usmart_scan       usmart.o
    0x0800add4   0x00000016   Code   RO         6652    i.usmart_search_nextc  usmart_str.o
    0x0800adea   0x000000ca   Code   RO         6653    i.usmart_str2num    usmart_str.o
    0x0800aeb4   0x00000022   Code   RO         6654    i.usmart_strcmp     usmart_str.o
    0x0800aed6   0x00000016   Code   RO         6655    i.usmart_strcopy    usmart_str.o
    0x0800aeec   0x00000018   Code   RO         6656    i.usmart_strlen     usmart_str.o
    0x0800af04   0x000006e4   Code   RO         6550    i.usmart_sys_cmd_exe  usmart.o
    0x0800b5e8   0x00000004   Code   RO         6551    i.write_addr        usmart.o
    0x0800b5ec   0x0000002c   Code   RO         6961    locale$$code        c_w.l(lc_numeric_c.o)
    0x0800b618   0x0000002c   Code   RO         7066    locale$$code        c_w.l(lc_ctype_c.o)
    0x0800b644   0x00000150   Code   RO         6801    x$fpl$dadd          fz_wm.l(daddsub_clz.o)
    0x0800b794   0x00000018   Code   RO         6907    x$fpl$dcmpinf       fz_wm.l(dcmpi.o)
    0x0800b7ac   0x000002b0   Code   RO         6808    x$fpl$ddiv          fz_wm.l(ddiv.o)
    0x0800ba5c   0x0000005a   Code   RO         6815    x$fpl$dfixu         fz_wm.l(dfixu.o)
    0x0800bab6   0x0000002e   Code   RO         6820    x$fpl$dflt          fz_wm.l(dflt_clz.o)
    0x0800bae4   0x00000026   Code   RO         6819    x$fpl$dfltu         fz_wm.l(dflt_clz.o)
    0x0800bb0a   0x00000002   PAD
    0x0800bb0c   0x00000078   Code   RO         6825    x$fpl$dleqf         fz_wm.l(dleqf.o)
    0x0800bb84   0x00000154   Code   RO         6827    x$fpl$dmul          fz_wm.l(dmul.o)
    0x0800bcd8   0x0000009c   Code   RO         6909    x$fpl$dnaninf       fz_wm.l(dnaninf.o)
    0x0800bd74   0x0000000c   Code   RO         6911    x$fpl$dretinf       fz_wm.l(dretinf.o)
    0x0800bd80   0x0000006c   Code   RO         6829    x$fpl$drleqf        fz_wm.l(drleqf.o)
    0x0800bdec   0x00000016   Code   RO         6802    x$fpl$drsb          fz_wm.l(daddsub_clz.o)
    0x0800be02   0x00000002   PAD
    0x0800be04   0x00000198   Code   RO         6913    x$fpl$dsqrt         fz_wm.l(dsqrt_umaal.o)
    0x0800bf9c   0x000001d4   Code   RO         6803    x$fpl$dsub          fz_wm.l(daddsub_clz.o)
    0x0800c170   0x00000056   Code   RO         6831    x$fpl$f2d           fz_wm.l(f2d.o)
    0x0800c1c6   0x0000008c   Code   RO         6915    x$fpl$fnaninf       fz_wm.l(fnaninf.o)
    0x0800c252   0x0000000a   Code   RO         7073    x$fpl$fpinit        fz_wm.l(fpinit.o)
    0x0800c25c   0x00000004   Code   RO         6919    x$fpl$printf1       fz_wm.l(printf1.o)
    0x0800c260   0x00000000   Code   RO         6921    x$fpl$usenofp       fz_wm.l(usenofp.o)
    0x0800c260   0x000017c0   Data   RO         5508    .constdata          lcd.o
    0x0800da20   0x0000000a   Data   RO         5961    .constdata          ft5206.o
    0x0800da2a   0x0000000a   Data   RO         6008    .constdata          ott2001a.o
    0x0800da34   0x00000004   Data   RO         6064    .constdata          touch.o
    0x0800da38   0x000000c2   Data   RO         6156    .constdata          gt9147.o
    0x0800dafa   0x00000028   Data   RO         6761    .constdata          c_w.l(_printf_hex_int_ll_ptr.o)
    0x0800db22   0x00000011   Data   RO         6781    .constdata          c_w.l(__printf_flags_ss_wp.o)
    0x0800db33   0x00000001   PAD
    0x0800db34   0x00000008   Data   RO         6877    .constdata          c_w.l(_printf_wctomb.o)
    0x0800db3c   0x00000094   Data   RO         6982    .constdata          c_w.l(bigflt0.o)
    0x0800dbd0   0x00000079   Data   RO         6065    .conststring        touch.o
    0x0800dc49   0x00000003   PAD
    0x0800dc4c   0x00000028   Data   RO         6552    .conststring        usmart.o
    0x0800dc74   0x00000311   Data   RO         6625    .conststring        usmart_config.o
    0x0800df85   0x00000003   PAD
    0x0800df88   0x00000020   Data   RO         7212    Region$$Table       anon$$obj.o
    0x0800dfa8   0x0000001c   Data   RO         6960    locale$$data        c_w.l(lc_numeric_c.o)
    0x0800dfc4   0x00000110   Data   RO         7065    locale$$data        c_w.l(lc_ctype_c.o)


    Execution Region RW_IRAM1 (Base: 0x20000000, Size: 0x000009b8, Max: 0x00020000, ABSOLUTE, COMPRESSED[0x000000d8])

    Base Addr    Size         Type   Attr      Idx    E Section Name        Object

    0x20000000   0x00000001   Data   RW           15    .data               main.o
    0x20000001   0x00000010   Data   RW         3061    .data               stm32f4xx_rcc.o
    0x20000011   0x00000001   PAD
    0x20000012   0x00000004   Data   RW         5162    .data               delay.o
    0x20000016   0x00000002   PAD
    0x20000018   0x00000006   Data   RW         5221    .data               usart.o
    0x2000001e   0x00000004   Data   RW         5509    .data               lcd.o
    0x20000022   0x00000004   Data   RW         5712    .data               lcdpro.o
    0x20000026   0x00000001   Data   RW         5962    .data               ft5206.o
    0x20000027   0x00000001   Data   RW         6009    .data               ott2001a.o
    0x20000028   0x00000036   Data   RW         6066    .data               touch.o
    0x2000005e   0x00000001   Data   RW         6157    .data               gt9147.o
    0x2000005f   0x00000001   PAD
    0x20000060   0x0000001c   Data   RW         6553    .data               usmart.o
    0x2000007c   0x0000019c   Data   RW         6626    .data               usmart_config.o
    0x20000218   0x000000c8   Zero   RW         5220    .bss                usart.o
    0x200002e0   0x0000000e   Zero   RW         5507    .bss                lcd.o
    0x200002ee   0x00000064   Zero   RW         5711    .bss                lcdpro.o
    0x20000352   0x00000002   PAD
    0x20000354   0x00000060   Zero   RW         6966    .bss                c_w.l(libspace.o)
    0x200003b4   0x00000004   PAD
    0x200003b8   0x00000200   Zero   RW         5150    HEAP                startup_stm32f40_41xxx.o
    0x200005b8   0x00000400   Zero   RW         5149    STACK               startup_stm32f40_41xxx.o



  Load Region LR$$.ARM.__AT_0x10000000 (Base: 0x10000000, Size: 0x00000000, Max: 0x0000f000, ABSOLUTE)

    Execution Region ER$$.ARM.__AT_0x10000000 (Base: 0x10000000, Size: 0x0000f000, Max: 0x0000f000, ABSOLUTE, UNINIT)

    Base Addr    Size         Type   Attr      Idx    E Section Name        Object

    0x10000000   0x0000f000   Zero   RW         6470    .ARM.__AT_0x10000000  malloc.o



  Load Region LR$$.ARM.__AT_0x1000F000 (Base: 0x1000f000, Size: 0x00000000, Max: 0x00000f00, ABSOLUTE)

    Execution Region ER$$.ARM.__AT_0x1000F000 (Base: 0x1000f000, Size: 0x00000f00, Max: 0x00000f00, ABSOLUTE, UNINIT)

    Base Addr    Size         Type   Attr      Idx    E Section Name        Object

    0x1000f000   0x00000f00   Zero   RW         6471    .ARM.__AT_0x1000F000  malloc.o



  Load Region LR$$.ARM.__AT_0x68000000 (Base: 0x68000000, Size: 0x00000000, Max: 0x000f0000, ABSOLUTE)

    Execution Region ER$$.ARM.__AT_0x68000000 (Base: 0x68000000, Size: 0x000f0000, Max: 0x000f0000, ABSOLUTE, UNINIT)

    Base Addr    Size         Type   Attr      Idx    E Section Name        Object

    0x68000000   0x000f0000   Zero   RW         6472    .ARM.__AT_0x68000000  malloc.o



  Load Region LR$$.ARM.__AT_0x680F0000 (Base: 0x680f0000, Size: 0x00000000, Max: 0x0000f000, ABSOLUTE)

    Execution Region ER$$.ARM.__AT_0x680F0000 (Base: 0x680f0000, Size: 0x0000f000, Max: 0x0000f000, ABSOLUTE, UNINIT)

    Base Addr    Size         Type   Attr      Idx    E Section Name        Object

    0x680f0000   0x0000f000   Zero   RW         6473    .ARM.__AT_0x680F0000  malloc.o


==============================================================================

Image component sizes


      Code (inc. data)   RO Data    RW Data    ZI Data      Debug   Object Name

       262          0          0          0          0       3093   24cxx.o
       524         40          0          0          0       2608   connectfpga.o
       698        128          0          0          0       5041   ctiic.o
       268         16          0          4          0       2447   delay.o
       814         42         10          1          0       3605   ft5206.o
      1098         80        194          1          0       4518   gt9147.o
        68          8          0          0          0        531   key.o
     18408        218       6080          4         14      27390   lcd.o
       340         24          0          4        100       3080   lcdpro.o
        64          4          0          0          0        527   led.o
       444         78          0          1          0     301178   main.o
         0          0          0          0    1109760       1738   malloc.o
       180         24          0          0          0       2049   misc.o
       696        110          0          0          0       4474   myiic.o
       906         68         10          1          0       4191   ott2001a.o
      3066        460          0          0          0      10010   rlcmeasure.o
       192          8          0          0          0        652   spi.o
        64         26        392          0       1536        840   startup_stm32f40_41xxx.o
       282          6          0          0          0       1801   stm32f4xx_fsmc.o
       218          0          0          0          0       2282   stm32f4xx_gpio.o
        26          0          0          0          0       4010   stm32f4xx_it.o
       424         54          0         16          0       6338   stm32f4xx_rcc.o
       112          0          0          0          0       3430   stm32f4xx_spi.o
       252         28          0          0          0       6420   stm32f4xx_tim.o
       404          8          0          0          0       4162   stm32f4xx_usart.o
       340         32          0          0          0       1453   system_stm32f4xx.o
        92          4          0          0          0        676   timer.o
      4304        274        125         54          0      10521   touch.o
       540         38          0          0          0       1835   ui1.o
       342         28          0          6        200       4240   usart.o
      3166       1332         40         28          0       7842   usmart.o
         0          0        785        412          0       1588   usmart_config.o
      1328         20          0          0          0       8633   usmart_str.o

    ----------------------------------------------------------------------
     39958       3158       7674        536    1111612     443203   Object Totals
         0          0         32          0          0          0   (incl. Generated)
        36          0          6          4          2          0   (incl. Padding)

    ----------------------------------------------------------------------

      Code (inc. data)   RO Data    RW Data    ZI Data      Debug   Library Member Name

        24          4          0          0          0         84   __2printf.o
        90          0          0          0          0          0   __dczerorl2.o
         8          0          0          0          0         68   __main.o
       392          4         17          0          0         92   __printf_flags_ss_wp.o
        14          0          0          0          0         68   __printf_wp.o
         0          0          0          0          0          0   __rtentry.o
        12          0          0          0          0          0   __rtentry2.o
         6          0          0          0          0          0   __rtentry4.o
        52          8          0          0          0          0   __scatter.o
        28          0          0          0          0          0   __scatter_zi.o
         6          0          0          0          0          0   _printf_a.o
         6          0          0          0          0          0   _printf_c.o
        44          0          0          0          0        108   _printf_char.o
        48          6          0          0          0         96   _printf_char_common.o
        36          4          0          0          0         80   _printf_char_file.o
        40          0          0          0          0         68   _printf_charcount.o
         6          0          0          0          0          0   _printf_d.o
       120         16          0          0          0         92   _printf_dec.o
         6          0          0          0          0          0   _printf_e.o
         6          0          0          0          0          0   _printf_f.o
      1050          0          0          0          0        216   _printf_fp_dec.o
       128         16          0          0          0         84   _printf_fp_infnan.o
         6          0          0          0          0          0   _printf_g.o
       148          4         40          0          0        160   _printf_hex_int_ll_ptr.o
         6          0          0          0          0          0   _printf_i.o
       178          0          0          0          0         88   _printf_intcommon.o
        10          0          0          0          0          0   _printf_l.o
         6          0          0          0          0          0   _printf_lc.o
        10          0          0          0          0          0   _printf_ll.o
         6          0          0          0          0          0   _printf_lld.o
         6          0          0          0          0          0   _printf_lli.o
         6          0          0          0          0          0   _printf_llo.o
         6          0          0          0          0          0   _printf_llu.o
         6          0          0          0          0          0   _printf_llx.o
       124         16          0          0          0         92   _printf_longlong_dec.o
         6          0          0          0          0          0   _printf_ls.o
         6          0          0          0          0          0   _printf_n.o
         6          0          0          0          0          0   _printf_o.o
       112          8          0          0          0        124   _printf_oct_int_ll.o
         6          0          0          0          0          0   _printf_p.o
        78          0          0          0          0        108   _printf_pad.o
         0          0          0          0          0          0   _printf_percent.o
         4          0          0          0          0          0   _printf_percent_end.o
         6          0          0          0          0          0   _printf_s.o
        82          0          0          0          0         80   _printf_str.o
        36          0          0          0          0         84   _printf_truncate.o
         6          0          0          0          0          0   _printf_u.o
        44          0          0          0          0        108   _printf_wchar.o
       188          6          8          0          0         92   _printf_wctomb.o
         6          0          0          0          0          0   _printf_x.o
        22          0          0          0          0        100   _rserrno.o
        10          0          0          0          0         68   _sputc.o
        64          0          0          0          0         92   _wcrtomb.o
       220          4        148          0          0         96   bigflt0.o
      1910        128          0          0          0        672   btod.o
        36          4          0          0          0         76   c89vsprintf.o
        12          0          0          0          0         72   exit.o
         8          0          0          0          0         68   ferror.o
         6          0          0          0          0        152   heapauxi.o
        44         10        272          0          0         76   lc_ctype_c.o
        44         10         28          0          0         76   lc_numeric_c.o
         2          0          0          0          0          0   libinit.o
        34          0          0          0          0          0   libinit2.o
         2          0          0          0          0          0   libshutdown.o
         2          0          0          0          0          0   libshutdown2.o
         8          4          0          0         96         68   libspace.o
       138          0          0          0          0         80   lludiv10.o
        16          4          0          0          0         76   rt_ctype_table.o
         8          4          0          0          0         68   rt_errno_addr_intlibspace.o
         8          4          0          0          0         68   rt_locale_intlibspace.o
         2          0          0          0          0          0   rtexit.o
        10          0          0          0          0          0   rtexit2.o
       128          0          0          0          0         68   strcmpv7m.o
        72          0          0          0          0         80   strcpy.o
        74          0          0          0          0         80   sys_stackheap_outer.o
         2          0          0          0          0         68   use_no_semi.o
         2          0          0          0          0         68   use_no_semi_2.o
       826         16          0          0          0        492   daddsub_clz.o
        24          0          0          0          0        116   dcmpi.o
       688        140          0          0          0        256   ddiv.o
        90          4          0          0          0        140   dfixu.o
        84          0          0          0          0        232   dflt_clz.o
       120          4          0          0          0        140   dleqf.o
       340         12          0          0          0        152   dmul.o
       156          4          0          0          0        140   dnaninf.o
        12          0          0          0          0        116   dretinf.o
       108          0          0          0          0        128   drleqf.o
       408         56          0          0          0        168   dsqrt_umaal.o
        86          4          0          0          0        132   f2d.o
       140          4          0          0          0        132   fnaninf.o
        10          0          0          0          0        116   fpinit.o
         4          0          0          0          0        116   printf1.o
         0          0          0          0          0          0   usenofp.o
        20          0          0          0          0        124   fabs.o
        48          0          0          0          0        124   fpclassify.o
       122          0          0          0          0        148   sqrt.o

    ----------------------------------------------------------------------
      9410        508        514          0        100       7236   Library Totals
        14          0          1          0          4          0   (incl. Padding)

    ----------------------------------------------------------------------

      Code (inc. data)   RO Data    RW Data    ZI Data      Debug   Library Name

      6110        264        513          0         96       4264   c_w.l
      3096        244          0          0          0       2576   fz_wm.l
       190          0          0          0          0        396   m_wm.l

    ----------------------------------------------------------------------
      9410        508        514          0        100       7236   Library Totals

    ----------------------------------------------------------------------

==============================================================================


      Code (inc. data)   RO Data    RW Data    ZI Data      Debug   

     49368       3666       8188        536    1111712     429099   Grand Totals
     49368       3666       8188        216    1111712     429099   ELF Image Totals (compressed)
     49368       3666       8188        216          0          0   ROM Totals

==============================================================================

    Total RO  Size (Code + RO Data)                57556 (  56.21kB)
    Total RW  Size (RW Data + ZI Data)           1112248 (1086.18kB)
    Total ROM Size (Code + RO Data + RW Data)      57772 (  56.42kB)

==============================================================================

